Component: ARM Compiler 5.06 update 5 (build 528) Tool: armlink [4d35e2]

==============================================================================

Section Cross References

    startup_stm32g431xx.o(RESET) refers to startup_stm32g431xx.o(STACK) for __initial_sp
    startup_stm32g431xx.o(RESET) refers to startup_stm32g431xx.o(.text) for Reset_Handler
    startup_stm32g431xx.o(RESET) refers to stm32g4xx_it.o(i.NMI_Handler) for NMI_Handler
    startup_stm32g431xx.o(RESET) refers to stm32g4xx_it.o(i.HardFault_Handler) for HardFault_Handler
    startup_stm32g431xx.o(RESET) refers to stm32g4xx_it.o(i.MemManage_Handler) for MemManage_Handler
    startup_stm32g431xx.o(RESET) refers to stm32g4xx_it.o(i.BusFault_Handler) for BusFault_Handler
    startup_stm32g431xx.o(RESET) refers to stm32g4xx_it.o(i.UsageFault_Handler) for UsageFault_Handler
    startup_stm32g431xx.o(RESET) refers to port.o(.emb_text) for SVC_Handler
    startup_stm32g431xx.o(RESET) refers to stm32g4xx_it.o(i.DebugMon_Handler) for DebugMon_Handler
    startup_stm32g431xx.o(RESET) refers to port.o(i.SysTick_Handler) for SysTick_Handler
    startup_stm32g431xx.o(RESET) refers to stm32g4xx_it.o(i.TIM6_DAC_IRQHandler) for TIM6_DAC_IRQHandler
    startup_stm32g431xx.o(.text) refers to system_stm32g4xx.o(i.SystemInit) for SystemInit
    startup_stm32g431xx.o(.text) refers to entry.o(.ARM.Collect$$$$00000000) for __main
    lcd.o(i.LCD_BusIn) refers to memseta.o(.text) for __aeabi_memclr4
    lcd.o(i.LCD_BusIn) refers to stm32g4xx_hal_gpio.o(i.HAL_GPIO_Init) for HAL_GPIO_Init
    lcd.o(i.LCD_BusOut) refers to memseta.o(.text) for __aeabi_memclr4
    lcd.o(i.LCD_BusOut) refers to stm32g4xx_hal_gpio.o(i.HAL_GPIO_Init) for HAL_GPIO_Init
    lcd.o(i.LCD_Clear) refers to lcd.o(i.LCD_SetCursor) for LCD_SetCursor
    lcd.o(i.LCD_Clear) refers to lcd.o(i.LCD_WriteRAM_Prepare) for LCD_WriteRAM_Prepare
    lcd.o(i.LCD_Clear) refers to lcd.o(i.LCD_WriteRAM) for LCD_WriteRAM
    lcd.o(i.LCD_ClearLine) refers to lcd.o(i.LCD_DisplayStringLine) for LCD_DisplayStringLine
    lcd.o(i.LCD_CtrlLinesConfig) refers to memseta.o(.text) for __aeabi_memclr4
    lcd.o(i.LCD_CtrlLinesConfig) refers to stm32g4xx_hal_gpio.o(i.HAL_GPIO_Init) for HAL_GPIO_Init
    lcd.o(i.LCD_CtrlLinesConfig) refers to lcd.o(i.LCD_BusOut) for LCD_BusOut
    lcd.o(i.LCD_DisplayChar) refers to lcd.o(i.LCD_DrawChar) for LCD_DrawChar
    lcd.o(i.LCD_DisplayChar) refers to lcd.o(.constdata) for .constdata
    lcd.o(i.LCD_DisplayOff) refers to lcd.o(i.LCD_WriteReg) for LCD_WriteReg
    lcd.o(i.LCD_DisplayOn) refers to lcd.o(i.LCD_WriteReg) for LCD_WriteReg
    lcd.o(i.LCD_DisplayStringLine) refers to lcd.o(i.LCD_DisplayChar) for LCD_DisplayChar
    lcd.o(i.LCD_DrawChar) refers to lcd.o(i.LCD_SetCursor) for LCD_SetCursor
    lcd.o(i.LCD_DrawChar) refers to lcd.o(i.LCD_WriteRAM_Prepare) for LCD_WriteRAM_Prepare
    lcd.o(i.LCD_DrawChar) refers to lcd.o(i.LCD_WriteRAM) for LCD_WriteRAM
    lcd.o(i.LCD_DrawChar) refers to lcd.o(.data) for .data
    lcd.o(i.LCD_DrawCircle) refers to lcd.o(i.LCD_SetCursor) for LCD_SetCursor
    lcd.o(i.LCD_DrawCircle) refers to lcd.o(i.LCD_WriteRAM_Prepare) for LCD_WriteRAM_Prepare
    lcd.o(i.LCD_DrawCircle) refers to lcd.o(i.LCD_WriteRAM) for LCD_WriteRAM
    lcd.o(i.LCD_DrawCircle) refers to lcd.o(.data) for .data
    lcd.o(i.LCD_DrawLine) refers to lcd.o(i.LCD_SetCursor) for LCD_SetCursor
    lcd.o(i.LCD_DrawLine) refers to lcd.o(i.LCD_WriteRAM_Prepare) for LCD_WriteRAM_Prepare
    lcd.o(i.LCD_DrawLine) refers to lcd.o(i.LCD_WriteRAM) for LCD_WriteRAM
    lcd.o(i.LCD_DrawLine) refers to lcd.o(.data) for .data
    lcd.o(i.LCD_DrawMonoPict) refers to lcd.o(i.LCD_SetCursor) for LCD_SetCursor
    lcd.o(i.LCD_DrawMonoPict) refers to lcd.o(i.LCD_WriteRAM_Prepare) for LCD_WriteRAM_Prepare
    lcd.o(i.LCD_DrawMonoPict) refers to lcd.o(i.LCD_WriteRAM) for LCD_WriteRAM
    lcd.o(i.LCD_DrawMonoPict) refers to lcd.o(.data) for .data
    lcd.o(i.LCD_DrawPicture) refers to lcd.o(i.LCD_SetCursor) for LCD_SetCursor
    lcd.o(i.LCD_DrawPicture) refers to lcd.o(i.LCD_WriteRAM_Prepare) for LCD_WriteRAM_Prepare
    lcd.o(i.LCD_DrawPicture) refers to lcd.o(i.LCD_WriteRAM) for LCD_WriteRAM
    lcd.o(i.LCD_DrawRect) refers to lcd.o(i.LCD_DrawLine) for LCD_DrawLine
    lcd.o(i.LCD_Init) refers to lcd.o(i.LCD_CtrlLinesConfig) for LCD_CtrlLinesConfig
    lcd.o(i.LCD_Init) refers to lcd.o(i.LCD_ReadReg) for LCD_ReadReg
    lcd.o(i.LCD_Init) refers to lcd.o(i.REG_932X_Init) for REG_932X_Init
    lcd.o(i.LCD_Init) refers to lcd.o(i.REG_8230_Init) for REG_8230_Init
    lcd.o(i.LCD_Init) refers to lcd.o(.data) for .data
    lcd.o(i.LCD_PowerOn) refers to lcd.o(i.LCD_WriteReg) for LCD_WriteReg
    lcd.o(i.LCD_PowerOn) refers to lcd.o(i.Delay_LCD) for Delay_LCD
    lcd.o(i.LCD_ReadRAM) refers to lcd.o(i.LCD_BusIn) for LCD_BusIn
    lcd.o(i.LCD_ReadRAM) refers to lcd.o(i.LCD_BusOut) for LCD_BusOut
    lcd.o(i.LCD_ReadReg) refers to lcd.o(i.LCD_BusIn) for LCD_BusIn
[...]
    ../clib/microlib/stubs.s                 0x00000000   Number         0  iusesemip.o ABSOLUTE
    ../fplib/microlib/fpadd.c                0x00000000   Number         0  dadd.o ABSOLUTE
    ../fplib/microlib/fpdiv.c                0x00000000   Number         0  ddiv.o ABSOLUTE
    ../fplib/microlib/fpepilogue.c           0x00000000   Number         0  depilogue.o ABSOLUTE
    ../fplib/microlib/fpfix.c                0x00000000   Number         0  dfixul.o ABSOLUTE
    ../fplib/microlib/fpmul.c                0x00000000   Number         0  dmul.o ABSOLUTE
    ..\Drivers\STM32G4xx_HAL_Driver\Src\stm32g4xx_hal.c 0x00000000   Number         0  stm32g4xx_hal.o ABSOLUTE
    ..\Drivers\STM32G4xx_HAL_Driver\Src\stm32g4xx_hal_adc.c 0x00000000   Number         0  stm32g4xx_hal_adc.o ABSOLUTE
    ..\Drivers\STM32G4xx_HAL_Driver\Src\stm32g4xx_hal_adc_ex.c 0x00000000   Number         0  stm32g4xx_hal_adc_ex.o ABSOLUTE
    ..\Drivers\STM32G4xx_HAL_Driver\Src\stm32g4xx_hal_cortex.c 0x00000000   Number         0  stm32g4xx_hal_cortex.o ABSOLUTE
    ..\Drivers\STM32G4xx_HAL_Driver\Src\stm32g4xx_hal_dma.c 0x00000000   Number         0  stm32g4xx_hal_dma.o ABSOLUTE
    ..\Drivers\STM32G4xx_HAL_Driver\Src\stm32g4xx_hal_dma_ex.c 0x00000000   Number         0  stm32g4xx_hal_dma_ex.o ABSOLUTE
    ..\Drivers\STM32G4xx_HAL_Driver\Src\stm32g4xx_hal_exti.c 0x00000000   Number         0  stm32g4xx_hal_exti.o ABSOLUTE
    ..\Drivers\STM32G4xx_HAL_Driver\Src\stm32g4xx_hal_flash.c 0x00000000   Number         0  stm32g4xx_hal_flash.o ABSOLUTE
    ..\Drivers\STM32G4xx_HAL_Driver\Src\stm32g4xx_hal_flash_ex.c 0x00000000   Number         0  stm32g4xx_hal_flash_ex.o ABSOLUTE
    ..\Drivers\STM32G4xx_HAL_Driver\Src\stm32g4xx_hal_flash_ramfunc.c 0x00000000   Number         0  stm32g4xx_hal_flash_ramfunc.o ABSOLUTE
    ..\Drivers\STM32G4xx_HAL_Driver\Src\stm32g4xx_hal_gpio.c 0x00000000   Number         0  stm32g4xx_hal_gpio.o ABSOLUTE
    ..\Drivers\STM32G4xx_HAL_Driver\Src\stm32g4xx_hal_pwr.c 0x00000000   Number         0  stm32g4xx_hal_pwr.o ABSOLUTE
    ..\Drivers\STM32G4xx_HAL_Driver\Src\stm32g4xx_hal_pwr_ex.c 0x00000000   Number         0  stm32g4xx_hal_pwr_ex.o ABSOLUTE
    ..\Drivers\STM32G4xx_HAL_Driver\Src\stm32g4xx_hal_rcc.c 0x00000000   Number         0  stm32g4xx_hal_rcc.o ABSOLUTE
    ..\Drivers\STM32G4xx_HAL_Driver\Src\stm32g4xx_hal_rcc_ex.c 0x00000000   Number         0  stm32g4xx_hal_rcc_ex.o ABSOLUTE
    ..\Drivers\STM32G4xx_HAL_Driver\Src\stm32g4xx_hal_tim.c 0x00000000   Number         0  stm32g4xx_hal_tim.o ABSOLUTE
    ..\Drivers\STM32G4xx_HAL_Driver\Src\stm32g4xx_hal_tim_ex.c 0x00000000   Number         0  stm32g4xx_hal_tim_ex.o ABSOLUTE
    ..\Middlewares\Third_Party\FreeRTOS\Source\CMSIS_RTOS_V2\cmsis_os2.c 0x00000000   Number         0  cmsis_os2.o ABSOLUTE
    ..\Middlewares\Third_Party\FreeRTOS\Source\portable\RVDS\ARM_CM4F\port.c 0x00000000   Number         0  port.o ABSOLUTE
    ..\Src\adc.c                             0x00000000   Number         0  adc.o ABSOLUTE
    ..\Src\app_freertos.c                    0x00000000   Number         0  app_freertos.o ABSOLUTE
    ..\Src\gpio.c                            0x00000000   Number         0  gpio.o ABSOLUTE
    ..\Src\lcd.c                             0x00000000   Number         0  lcd.o ABSOLUTE
    ..\Src\led.c                             0x00000000   Number         0  led.o ABSOLUTE
    ..\Src\main.c                            0x00000000   Number         0  main.o ABSOLUTE
    ..\Src\stm32g4xx_hal_msp.c               0x00000000   Number         0  stm32g4xx_hal_msp.o ABSOLUTE
    ..\Src\stm32g4xx_hal_timebase_tim.c      0x00000000   Number         0  stm32g4xx_hal_timebase_tim.o ABSOLUTE
    ..\Src\stm32g4xx_it.c                    0x00000000   Number         0  stm32g4xx_it.o ABSOLUTE
    ..\Src\system_stm32g4xx.c                0x00000000   Number         0  system_stm32g4xx.o ABSOLUTE
    ..\\Src\\lcd.c                           0x00000000   Number         0  lcd.o ABSOLUTE
    ..\\Src\\led.c                           0x00000000   Number         0  led.o ABSOLUTE
    cdrcmple.s                               0x00000000   Number         0  cdrcmple.o ABSOLUTE
    dc.s                                     0x00000000   Number         0  dc.o ABSOLUTE
    handlers.s                               0x00000000   Number         0  handlers.o ABSOLUTE
    init.s                                   0x00000000   Number         0  init.o ABSOLUTE
    startup_stm32g431xx.s                    0x00000000   Number         0  startup_stm32g431xx.o ABSOLUTE
    RESET                                    0x08000000   Section      472  startup_stm32g431xx.o(RESET)
    .ARM.Collect$$$$00000000                 0x080001d8   Section        0  entry.o(.ARM.Collect$$$$00000000)
    .ARM.Collect$$$$00000001                 0x080001d8   Section        4  entry2.o(.ARM.Collect$$$$00000001)
    .ARM.Collect$$$$00000004                 0x080001dc   Section        4  entry5.o(.ARM.Collect$$$$00000004)
    .ARM.Collect$$$$00000008                 0x080001e0   Section        0  entry7b.o(.ARM.Collect$$$$00000008)
    .ARM.Collect$$$$0000000A                 0x080001e0   Section        0  entry8b.o(.ARM.Collect$$$$0000000A)
    .ARM.Collect$$$$0000000B                 0x080001e0   Section        8  entry9a.o(.ARM.Collect$$$$0000000B)
    .ARM.Collect$$$$0000000D                 0x080001e8   Section        0  entry10a.o(.ARM.Collect$$$$0000000D)
    .ARM.Collect$$$$0000000F                 0x080001e8   Section        0  entry11a.o(.ARM.Collect$$$$0000000F)
    .ARM.Collect$$$$00002712                 0x080001e8   Section        4  entry2.o(.ARM.Collect$$$$00002712)
    __lit__00000000                          0x080001e8   Data           4  entry2.o(.ARM.Collect$$$$00002712)
    .emb_text                                0x080001ec   Section      190  port.o(.emb_text)
    $v0                                      0x080001ec   Number         0  port.o(.emb_text)
    .text                                    0x080002ac   Section       36  startup_stm32g431xx.o(.text)
    $v0                                      0x080002ac   Number         0  startup_stm32g431xx.o(.text)
    .text                                    0x080002d0   Section        0  memcpya.o(.text)
    .text                                    0x080002f4   Section        0  memseta.o(.text)
    .text                                    0x08000318   Section        0  uidiv.o(.text)
    .text                                    0x08000344   Section       36  init.o(.text)
    i.ADC_Enable                             0x08000368   Section        0  stm32g4xx_hal_adc.o(i.ADC_Enable)
    i.AppBodyInductio                        0x080003fc   Section        0  main.o(i.AppBodyInductio)
    i.Appcntclear                            0x08000448   Section        0  main.o(i.Appcntclear)
    i.BusFault_Handler                       0x08000468   Section        0  stm32g4xx_it.o(i.BusFault_Handler)
    i.DebugMon_Handler                       0x0800046a   Section        0  stm32g4xx_it.o(i.DebugMon_Handler)
    i.Delay_LCD                              0x0800046c   Section        0  lcd.o(i.Delay_LCD)
    i.Error_Handler                          0x08000488   Section        0  main.o(i.Error_Handler)
    i.HAL_ADCEx_MultiModeConfigChannel       0x0800048c   Section        0  stm32g4xx_hal_adc_ex.o(i.HAL_ADCEx_MultiModeConfigChannel)
    i.HAL_ADC_ConfigChannel                  0x08000590   Section        0  stm32g4xx_hal_adc.o(i.HAL_ADC_ConfigChannel)
    i.HAL_ADC_GetValue                       0x08000aa0   Section        0  stm32g4xx_hal_adc.o(i.HAL_ADC_GetValue)
    i.HAL_ADC_Init                           0x08000aa8   Section        0  stm32g4xx_hal_adc.o(i.HAL_ADC_Init)
    i.HAL_ADC_MspInit                        0x08000cb4   Section        0  adc.o(i.HAL_ADC_MspInit)
    i.HAL_ADC_Start                          0x08000d0c   Section        0  stm32g4xx_hal_adc.o(i.HAL_ADC_Start)
    i.HAL_Delay                              0x08000e10   Section        0  stm32g4xx_hal.o(i.HAL_Delay)
    i.HAL_GPIO_Init                          0x08000e38   Section        0  stm32g4xx_hal_gpio.o(i.HAL_GPIO_Init)
    i.HAL_GPIO_ReadPin                       0x08001078   Section        0  stm32g4xx_hal_gpio.o(i.HAL_GPIO_ReadPin)
    i.HAL_GPIO_WritePin                      0x08001086   Section        0  stm32g4xx_hal_gpio.o(i.HAL_GPIO_WritePin)
    i.HAL_GetTick                            0x08001094   Section        0  stm32g4xx_hal.o(i.HAL_GetTick)
    i.HAL_IncTick                            0x080010a0   Section        0  stm32g4xx_hal.o(i.HAL_IncTick)
    i.HAL_Init                               0x080010b0   Section        0  stm32g4xx_hal.o(i.HAL_Init)
    i.HAL_InitTick                           0x080010d0   Section        0  stm32g4xx_hal_timebase_tim.o(i.HAL_InitTick)
    i.HAL_MspInit                            0x08001144   Section        0  stm32g4xx_hal_msp.o(i.HAL_MspInit)
    i.HAL_NVIC_EnableIRQ                     0x08001188   Section        0  stm32g4xx_hal_cortex.o(i.HAL_NVIC_EnableIRQ)
    i.HAL_NVIC_SetPriority                   0x080011a4   Section        0  stm32g4xx_hal_cortex.o(i.HAL_NVIC_SetPriority)
    i.HAL_NVIC_SetPriorityGrouping           0x0800120c   Section        0  stm32g4xx_hal_cortex.o(i.HAL_NVIC_SetPriorityGrouping)
    i.HAL_PWREx_ControlVoltageScaling        0x08001230   Section        0  stm32g4xx_hal_pwr_ex.o(i.HAL_PWREx_ControlVoltageScaling)
    i.HAL_RCCEx_PeriphCLKConfig              0x0800130c   Section        0  stm32g4xx_hal_rcc_ex.o(i.HAL_RCCEx_PeriphCLKConfig)
    i.HAL_RCC_ClockConfig                    0x080015e4   Section        0  stm32g4xx_hal_rcc.o(i.HAL_RCC_ClockConfig)
    i.HAL_RCC_GetClockConfig                 0x080017e8   Section        0  stm32g4xx_hal_rcc.o(i.HAL_RCC_GetClockConfig)
    i.HAL_RCC_GetHCLKFreq                    0x08001824   Section        0  stm32g4xx_hal_rcc.o(i.HAL_RCC_GetHCLKFreq)
    i.HAL_RCC_GetPCLK1Freq                   0x08001830   Section        0  stm32g4xx_hal_rcc.o(i.HAL_RCC_GetPCLK1Freq)
    i.HAL_RCC_GetSysClockFreq                0x08001854   Section        0  stm32g4xx_hal_rcc.o(i.HAL_RCC_GetSysClockFreq)
    i.HAL_RCC_OscConfig                      0x080018cc   Section        0  stm32g4xx_hal_rcc.o(i.HAL_RCC_OscConfig)
    i.HAL_TIMEx_Break2Callback               0x08001df0   Section        0  stm32g4xx_hal_tim_ex.o(i.HAL_TIMEx_Break2Callback)
    i.HAL_TIMEx_BreakCallback                0x08001df2   Section        0  stm32g4xx_hal_tim_ex.o(i.HAL_TIMEx_BreakCallback)
    i.HAL_TIMEx_CommutCallback               0x08001df4   Section        0  stm32g4xx_hal_tim_ex.o(i.HAL_TIMEx_CommutCallback)
    i.HAL_TIMEx_DirectionChangeCallback      0x08001df6   Section        0  stm32g4xx_hal_tim_ex.o(i.HAL_TIMEx_DirectionChangeCallback)
    i.HAL_TIMEx_EncoderIndexCallback         0x08001df8   Section        0  stm32g4xx_hal_tim_ex.o(i.HAL_TIMEx_EncoderIndexCallback)
    i.HAL_TIMEx_IndexErrorCallback           0x08001dfa   Section        0  stm32g4xx_hal_tim_ex.o(i.HAL_TIMEx_IndexErrorCallback)
    i.HAL_TIMEx_TransitionErrorCallback      0x08001dfc   Section        0  stm32g4xx_hal_tim_ex.o(i.HAL_TIMEx_TransitionErrorCallback)
    i.HAL_TIM_Base_Init                      0x08001dfe   Section        0  stm32g4xx_hal_tim.o(i.HAL_TIM_Base_Init)
    i.HAL_TIM_Base_MspInit                   0x08001e62   Section        0  stm32g4xx_hal_tim.o(i.HAL_TIM_Base_MspInit)
    i.HAL_TIM_Base_Start_IT                  0x08001e64   Section        0  stm32g4xx_hal_tim.o(i.HAL_TIM_Base_Start_IT)
    i.HAL_TIM_IC_CaptureCallback             0x08001ea4   Section        0  stm32g4xx_hal_tim.o(i.HAL_TIM_IC_CaptureCallback)
    i.HAL_TIM_IRQHandler                     0x08001ea6   Section        0  stm32g4xx_hal_tim.o(i.HAL_TIM_IRQHandler)
    i.HAL_TIM_OC_DelayElapsedCallback        0x080020b0   Section        0  stm32g4xx_hal_tim.o(i.HAL_TIM_OC_DelayElapsedCallback)
    i.HAL_TIM_PWM_PulseFinishedCallback      0x080020b2   Section        0  stm32g4xx_hal_tim.o(i.HAL_TIM_PWM_PulseFinishedCallback)
    i.HAL_TIM_PeriodElapsedCallback          0x080020b4   Section        0  main.o(i.HAL_TIM_PeriodElapsedCallback)
    i.HAL_TIM_TriggerCallback                0x080020c8   Section        0  stm32g4xx_hal_tim.o(i.HAL_TIM_TriggerCallback)
    i.HardFault_Handler                      0x080020ca   Section        0  stm32g4xx_it.o(i.HardFault_Handler)
    i.LCD_BusIn                              0x080020cc   Section        0  lcd.o(i.LCD_BusIn)
    i.LCD_BusOut                             0x080020f8   Section        0  lcd.o(i.LCD_BusOut)
    i.LCD_CtrlLinesConfig                    0x08002128   Section        0  lcd.o(i.LCD_CtrlLinesConfig)
    i.LCD_DisplayChar                        0x080021b8   Section        0  lcd.o(i.LCD_DisplayChar)
    i.LCD_DisplayStringLine                  0x080021d0   Section        0  lcd.o(i.LCD_DisplayStringLine)
    i.LCD_DrawChar                           0x080021fc   Section        0  lcd.o(i.LCD_DrawChar)
    i.LCD_Init                               0x08002254   Section        0  lcd.o(i.LCD_Init)
    i.LCD_ReadReg                            0x08002288   Section        0  lcd.o(i.LCD_ReadReg)
    i.LCD_SetBackColor                       0x08002308   Section        0  lcd.o(i.LCD_SetBackColor)
    i.LCD_SetCursor                          0x08002318   Section        0  lcd.o(i.LCD_SetCursor)
    i.LCD_SetTextColor                       0x08002330   Section        0  lcd.o(i.LCD_SetTextColor)
    i.LCD_WriteRAM                           0x08002340   Section        0  lcd.o(i.LCD_WriteRAM)
    i.LCD_WriteRAM_Prepare                   0x08002398   Section        0  lcd.o(i.LCD_WriteRAM_Prepare)
    i.LCD_WriteReg                           0x080023f4   Section        0  lcd.o(i.LCD_WriteReg)
    i.MX_ADC1_Init                           0x08002460   Section        0  adc.o(i.MX_ADC1_Init)
    i.MX_FREERTOS_Init                       0x080024ec   Section        0  app_freertos.o(i.MX_FREERTOS_Init)
    i.MX_GPIO_Init                           0x08002530   Section        0  gpio.o(i.MX_GPIO_Init)
    i.MemManage_Handler                      0x08002640   Section        0  stm32g4xx_it.o(i.MemManage_Handler)
    i.NMI_Handler                            0x08002642   Section        0  stm32g4xx_it.o(i.NMI_Handler)
    i.RCC_GetSysClockFreqFromPLLSource       0x08002644   Section        0  stm32g4xx_hal_rcc.o(i.RCC_GetSysClockFreqFromPLLSource)
    RCC_GetSysClockFreqFromPLLSource         0x08002645   Thumb Code    66  stm32g4xx_hal_rcc.o(i.RCC_GetSysClockFreqFromPLLSource)
    i.REG_8230_Init                          0x08002694   Section        0  lcd.o(i.REG_8230_Init)
    i.REG_932X_Init                          0x080027a6   Section        0  lcd.o(i.REG_932X_Init)
    i.StartLcd_debug                         0x080029a8   Section        0  main.o(i.StartLcd_debug)
    i.SysTick_Handler                        0x08002a10   Section        0  port.o(i.SysTick_Handler)
    i.SystemClock_Config                     0x08002a3c   Section        0  main.o(i.SystemClock_Config)
    i.SystemInit                             0x08002ab0   Section        0  system_stm32g4xx.o(i.SystemInit)
    i.TIM6_DAC_IRQHandler                    0x08002acc   Section        0  stm32g4xx_it.o(i.TIM6_DAC_IRQHandler)
    i.TIM_Base_SetConfig                     0x08002ad8   Section        0  stm32g4xx_hal_tim.o(i.TIM_Base_SetConfig)
    i.UsageFault_Handler                     0x08002b88   Section        0  stm32g4xx_it.o(i.UsageFault_Handler)
    i.__0sprintf$6                           0x08002b8c   Section        0  printf6.o(i.__0sprintf$6)
    i.__scatterload_copy                     0x08002bb4   Section       14  handlers.o(i.__scatterload_copy)
    i.__scatterload_null                     0x08002bc2   Section        2  handlers.o(i.__scatterload_null)
    i.__scatterload_zeroinit                 0x08002bc4   Section       14  handlers.o(i.__scatterload_zeroinit)
    i._printf_core                           0x08002bd4   Section        0  printf6.o(i._printf_core)
    _printf_core                             0x08002bd5   Thumb Code   748  printf6.o(i._printf_core)
    i._printf_post_padding                   0x08002ec4   Section        0  printf6.o(i._printf_post_padding)
    _printf_post_padding                     0x08002ec5   Thumb Code    36  printf6.o(i._printf_post_padding)
    i._printf_pre_padding                    0x08002ee8   Section        0  printf6.o(i._printf_pre_padding)
    _printf_pre_padding                      0x08002ee9   Thumb Code    46  printf6.o(i._printf_pre_padding)
    i._sputc                                 0x08002f16   Section        0  printf6.o(i._sputc)
    _sputc                                   0x08002f17   Thumb Code    10  printf6.o(i._sputc)
    i.led_open                               0x08002f20   Section        0  led.o(i.led_open)
    i.main                                   0x08002f74   Section        0  main.o(i.main)
    i.osDelay                                0x08003030   Section        0  cmsis_os2.o(i.osDelay)
    i.osKernelInitialize                     0x08003068   Section        0  cmsis_os2.o(i.osKernelInitialize)
    i.osKernelStart                          0x080030a0   Section        0  cmsis_os2.o(i.osKernelStart)
    i.osThreadNew                            0x080030e0   Section        0  cmsis_os2.o(i.osThreadNew)
    i.prvAddCurrentTaskToDelayedList         0x080031b8   Section        0  tasks.o(i.prvAddCurrentTaskToDelayedList)
    prvAddCurrentTaskToDelayedList           0x080031b9   Thumb Code    88  tasks.o(i.prvAddCurrentTaskToDelayedList)
    i.prvAddNewTaskToReadyList               0x08003218   Section        0  tasks.o(i.prvAddNewTaskToReadyList)
    prvAddNewTaskToReadyList                 0x08003219   Thumb Code   124  tasks.o(i.prvAddNewTaskToReadyList)
    i.prvCheckForValidListAndQueue           0x080032a0   Section        0  timers.o(i.prvCheckForValidListAndQueue)
    prvCheckForValidListAndQueue             0x080032a1   Thumb Code    68  timers.o(i.prvCheckForValidListAndQueue)
    i.prvCheckTasksWaitingTermination        0x080032fc   Section        0  tasks.o(i.prvCheckTasksWaitingTermination)
    prvCheckTasksWaitingTermination          0x080032fd   Thumb Code    56  tasks.o(i.prvCheckTasksWaitingTermination)
    i.prvCopyDataFromQueue                   0x0800333c   Section        0  queue.o(i.prvCopyDataFromQueue)
    prvCopyDataFromQueue                     0x0800333d   Thumb Code    36  queue.o(i.prvCopyDataFromQueue)
    i.prvCopyDataToQueue                     0x08003360   Section        0  queue.o(i.prvCopyDataToQueue)
    prvCopyDataToQueue                       0x08003361   Thumb Code   110  queue.o(i.prvCopyDataToQueue)
    i.prvDeleteTCB                           0x080033ce   Section        0  tasks.o(i.prvDeleteTCB)
    prvDeleteTCB                             0x080033cf   Thumb Code    64  tasks.o(i.prvDeleteTCB)
    i.prvGetNextExpireTime                   0x08003410   Section        0  timers.o(i.prvGetNextExpireTime)
    prvGetNextExpireTime                     0x08003411   Thumb Code    30  timers.o(i.prvGetNextExpireTime)
    i.prvHeapInit                            0x08003434   Section        0  heap_4.o(i.prvHeapInit)
    prvHeapInit                              0x08003435   Thumb Code    70  heap_4.o(i.prvHeapInit)
    i.prvIdleTask                            0x08003484   Section        0  tasks.o(i.prvIdleTask)
    prvIdleTask                              0x08003485   Thumb Code    30  tasks.o(i.prvIdleTask)
    i.prvInitialiseNewQueue                  0x080034ac   Section        0  queue.o(i.prvInitialiseNewQueue)
    prvInitialiseNewQueue                    0x080034ad   Thumb Code    34  queue.o(i.prvInitialiseNewQueue)
    i.prvInitialiseNewTask                   0x080034ce   Section        0  tasks.o(i.prvInitialiseNewTask)
    prvInitialiseNewTask                     0x080034cf   Thumb Code   148  tasks.o(i.prvInitialiseNewTask)
    i.prvInitialiseTaskLists                 0x08003564   Section        0  tasks.o(i.prvInitialiseTaskLists)
    prvInitialiseTaskLists                   0x08003565   Thumb Code    66  tasks.o(i.prvInitialiseTaskLists)
    i.prvInsertBlockIntoFreeList             0x080035c4   Section        0  heap_4.o(i.prvInsertBlockIntoFreeList)
    prvInsertBlockIntoFreeList               0x080035c5   Thumb Code    84  heap_4.o(i.prvInsertBlockIntoFreeList)
    i.prvInsertTimerInActiveList             0x08003620   Section        0  timers.o(i.prvInsertTimerInActiveList)
    prvInsertTimerInActiveList               0x08003621   Thumb Code    66  timers.o(i.prvInsertTimerInActiveList)
    i.prvIsQueueEmpty                        0x08003668   Section        0  queue.o(i.prvIsQueueEmpty)
    prvIsQueueEmpty                          0x08003669   Thumb Code    26  queue.o(i.prvIsQueueEmpty)
    i.prvIsQueueFull                         0x08003682   Section        0  queue.o(i.prvIsQueueFull)
    prvIsQueueFull                           0x08003683   Thumb Code    30  queue.o(i.prvIsQueueFull)
    i.prvProcessExpiredTimer                 0x080036a0   Section        0  timers.o(i.prvProcessExpiredTimer)
    prvProcessExpiredTimer                   0x080036a1   Thumb Code   100  timers.o(i.prvProcessExpiredTimer)
    i.prvProcessReceivedCommands             0x08003708   Section        0  timers.o(i.prvProcessReceivedCommands)
    prvProcessReceivedCommands               0x08003709   Thumb Code   268  timers.o(i.prvProcessReceivedCommands)
    i.prvProcessTimerOrBlockTask             0x08003818   Section        0  timers.o(i.prvProcessTimerOrBlockTask)
    prvProcessTimerOrBlockTask               0x08003819   Thumb Code   100  timers.o(i.prvProcessTimerOrBlockTask)
    i.prvResetNextTaskUnblockTime            0x08003884   Section        0  tasks.o(i.prvResetNextTaskUnblockTime)
    prvResetNextTaskUnblockTime              0x08003885   Thumb Code    30  tasks.o(i.prvResetNextTaskUnblockTime)
    i.prvSampleTimeNow                       0x080038a8   Section        0  timers.o(i.prvSampleTimeNow)
    prvSampleTimeNow                         0x080038a9   Thumb Code    38  timers.o(i.prvSampleTimeNow)
    i.prvSwitchTimerLists                    0x080038d4   Section        0  timers.o(i.prvSwitchTimerLists)
    prvSwitchTimerLists                      0x080038d5   Thumb Code   116  timers.o(i.prvSwitchTimerLists)
    i.prvTaskExitError                       0x0800394c   Section        0  port.o(i.prvTaskExitError)
    prvTaskExitError                         0x0800394d   Thumb Code    42  port.o(i.prvTaskExitError)
    i.prvTimerTask                           0x0800397c   Section        0  timers.o(i.prvTimerTask)
    prvTimerTask                             0x0800397d   Thumb Code    20  timers.o(i.prvTimerTask)
    i.prvUnlockQueue                         0x08003990   Section        0  queue.o(i.prvUnlockQueue)
    prvUnlockQueue                           0x08003991   Thumb Code   104  queue.o(i.prvUnlockQueue)
    i.pvPortMalloc                           0x080039f8   Section        0  heap_4.o(i.pvPortMalloc)
    i.pxPortInitialiseStack                  0x08003adc   Section        0  port.o(i.pxPortInitialiseStack)
    i.uxListRemove                           0x08003b08   Section        0  list.o(i.uxListRemove)
    i.vApplicationGetIdleTaskMemory          0x08003b30   Section        0  cmsis_os2.o(i.vApplicationGetIdleTaskMemory)
    i.vApplicationGetTimerTaskMemory         0x08003b44   Section        0  cmsis_os2.o(i.vApplicationGetTimerTaskMemory)
    i.vListInitialise                        0x08003b5c   Section        0  list.o(i.vListInitialise)
    i.vListInitialiseItem                    0x08003b72   Section        0  list.o(i.vListInitialiseItem)
    i.vListInsert                            0x08003b78   Section        0  list.o(i.vListInsert)
    i.vListInsertEnd                         0x08003bae   Section        0  list.o(i.vListInsertEnd)
    i.vPortEnterCritical                     0x08003bc8   Section        0  port.o(i.vPortEnterCritical)
    i.vPortExitCritical                      0x08003c08   Section        0  port.o(i.vPortExitCritical)
    i.vPortFree                              0x08003c34   Section        0  heap_4.o(i.vPortFree)
    i.vPortSetupTimerInterrupt               0x08003c90   Section        0  port.o(i.vPortSetupTimerInterrupt)
    i.vPortValidateInterruptPriority         0x08003cb4   Section        0  port.o(i.vPortValidateInterruptPriority)
    i.vQueueAddToRegistry                    0x08003d08   Section        0  queue.o(i.vQueueAddToRegistry)
    i.vQueueWaitForMessageRestricted         0x08003d30   Section        0  queue.o(i.vQueueWaitForMessageRestricted)
    i.vTaskDelay                             0x08003d7c   Section        0  tasks.o(i.vTaskDelay)
    i.vTaskInternalSetTimeOutState           0x08003dcc   Section        0  tasks.o(i.vTaskInternalSetTimeOutState)
    i.vTaskMissedYield                       0x08003ddc   Section        0  tasks.o(i.vTaskMissedYield)
    i.vTaskPlaceOnEventList                  0x08003de8   Section        0  tasks.o(i.vTaskPlaceOnEventList)
    i.vTaskPlaceOnEventListRestricted        0x08003e1c   Section        0  tasks.o(i.vTaskPlaceOnEventListRestricted)
    i.vTaskStartScheduler                    0x08003e58   Section        0  tasks.o(i.vTaskStartScheduler)
    i.vTaskSuspendAll                        0x08003ee8   Section        0  tasks.o(i.vTaskSuspendAll)
    i.vTaskSwitchContext                     0x08003ef8   Section        0  tasks.o(i.vTaskSwitchContext)
    i.xPortStartScheduler                    0x08003f64   Section        0  port.o(i.xPortStartScheduler)
    i.xQueueGenericCreateStatic              0x08004068   Section        0  queue.o(i.xQueueGenericCreateStatic)
    i.xQueueGenericReset                     0x080040d8   Section        0  queue.o(i.xQueueGenericReset)
    i.xQueueGenericSend                      0x08004168   Section        0  queue.o(i.xQueueGenericSend)
    i.xQueueGenericSendFromISR               0x080042d8   Section        0  queue.o(i.xQueueGenericSendFromISR)
    i.xQueueReceive                          0x08004394   Section        0  queue.o(i.xQueueReceive)
    i.xTaskCheckForTimeOut                   0x080044dc   Section        0  tasks.o(i.xTaskCheckForTimeOut)
    i.xTaskCreate                            0x0800455c   Section        0  tasks.o(i.xTaskCreate)
    i.xTaskCreateStatic                      0x080045c8   Section        0  tasks.o(i.xTaskCreateStatic)
    i.xTaskGetSchedulerState                 0x08004628   Section        0  tasks.o(i.xTaskGetSchedulerState)
    i.xTaskGetTickCount                      0x08004644   Section        0  tasks.o(i.xTaskGetTickCount)
    i.xTaskIncrementTick                     0x08004650   Section        0  tasks.o(i.xTaskIncrementTick)
    i.xTaskPriorityDisinherit                0x0800471c   Section        0  tasks.o(i.xTaskPriorityDisinherit)
    i.xTaskRemoveFromEventList               0x0800479c   Section        0  tasks.o(i.xTaskRemoveFromEventList)
    i.xTaskResumeAll                         0x08004814   Section        0  tasks.o(i.xTaskResumeAll)
    i.xTimerCreateTimerTask                  0x080048e0   Section        0  timers.o(i.xTimerCreateTimerTask)
    i.xTimerGenericCommand                   0x08004948   Section        0  timers.o(i.xTimerGenericCommand)
    .constdata                               0x080049bc   Section     4560  lcd.o(.constdata)
    .constdata                               0x08005b8c   Section      108  app_freertos.o(.constdata)
    .constdata                               0x08005bf8   Section       16  system_stm32g4xx.o(.constdata)
    .constdata                               0x08005c08   Section        8  system_stm32g4xx.o(.constdata)
    .conststring                             0x08005c10   Section       37  app_freertos.o(.conststring)
    .data                                    0x20000000   Section        6  lcd.o(.data)
    TextColor                                0x20000000   Data           2  lcd.o(.data)
    BackColor                                0x20000002   Data           2  lcd.o(.data)
    .data                                    0x20000006   Section        6  main.o(.data)
    .data                                    0x2000000c   Section       12  app_freertos.o(.data)
    .data                                    0x20000018   Section        4  system_stm32g4xx.o(.data)
    .data                                    0x2000001c   Section       12  stm32g4xx_hal.o(.data)
    .data                                    0x20000028   Section       60  tasks.o(.data)
    pxDelayedTaskList                        0x2000002c   Data           4  tasks.o(.data)
    pxOverflowDelayedTaskList                0x20000030   Data           4  tasks.o(.data)
    uxDeletedTasksWaitingCleanUp             0x20000034   Data           4  tasks.o(.data)
    uxCurrentNumberOfTasks                   0x20000038   Data           4  tasks.o(.data)
    xTickCount                               0x2000003c   Data           4  tasks.o(.data)
    uxTopReadyPriority                       0x20000040   Data           4  tasks.o(.data)
    xSchedulerRunning                        0x20000044   Data           4  tasks.o(.data)
    uxPendedTicks                            0x20000048   Data           4  tasks.o(.data)
    xYieldPending                            0x2000004c   Data           4  tasks.o(.data)
    xNumOfOverflows                          0x20000050   Data           4  tasks.o(.data)
    uxTaskNumber                             0x20000054   Data           4  tasks.o(.data)
    xNextTaskUnblockTime                     0x20000058   Data           4  tasks.o(.data)
    xIdleTaskHandle                          0x2000005c   Data           4  tasks.o(.data)
    uxSchedulerSuspended                     0x20000060   Data           4  tasks.o(.data)
    .data                                    0x20000064   Section       20  timers.o(.data)
    pxCurrentTimerList                       0x20000064   Data           4  timers.o(.data)
    pxOverflowTimerList                      0x20000068   Data           4  timers.o(.data)
    xTimerQueue                              0x2000006c   Data           4  timers.o(.data)
    xTimerTaskHandle                         0x20000070   Data           4  timers.o(.data)
    xLastTime                                0x20000074   Data           4  timers.o(.data)
    .data                                    0x20000078   Section        4  cmsis_os2.o(.data)
    KernelState                              0x20000078   Data           4  cmsis_os2.o(.data)
    .data                                    0x2000007c   Section       24  heap_4.o(.data)
    pxEnd                                    0x2000007c   Data           4  heap_4.o(.data)
    xFreeBytesRemaining                      0x20000080   Data           4  heap_4.o(.data)
    xMinimumEverFreeBytesRemaining           0x20000084   Data           4  heap_4.o(.data)
    xBlockAllocatedBit                       0x20000088   Data           4  heap_4.o(.data)
    xStart                                   0x2000008c   Data           8  heap_4.o(.data)
    .data                                    0x20000094   Section       12  port.o(.data)
    ucMaxSysCallPriority                     0x20000094   Data           1  port.o(.data)
    uxCriticalNesting                        0x20000098   Data           4  port.o(.data)
    ulMaxPRIGROUPValue                       0x2000009c   Data           4  port.o(.data)
    .bss                                     0x200000a0   Section       20  main.o(.bss)
    .bss                                     0x200000b4   Section     2048  app_freertos.o(.bss)
    .bss                                     0x200008b4   Section       92  app_freertos.o(.bss)
    .bss                                     0x20000910   Section      108  adc.o(.bss)
    .bss                                     0x2000097c   Section       76  stm32g4xx_hal_timebase_tim.o(.bss)
    .bss                                     0x200009c8   Section       64  queue.o(.bss)
    .bss                                     0x20000a08   Section     1220  tasks.o(.bss)
    pxReadyTasksLists                        0x20000a08   Data        1120  tasks.o(.bss)
    xDelayedTaskList1                        0x20000e68   Data          20  tasks.o(.bss)
    xDelayedTaskList2                        0x20000e7c   Data          20  tasks.o(.bss)
    xPendingReadyList                        0x20000e90   Data          20  tasks.o(.bss)
    xTasksWaitingTermination                 0x20000ea4   Data          20  tasks.o(.bss)
    xSuspendedTaskList                       0x20000eb8   Data          20  tasks.o(.bss)
    .bss                                     0x20000ecc   Section      280  timers.o(.bss)
    xActiveTimerList1                        0x20000ecc   Data          20  timers.o(.bss)
    xActiveTimerList2                        0x20000ee0   Data          20  timers.o(.bss)
    xStaticTimerQueue                        0x20000ef4   Data          80  timers.o(.bss)
    ucStaticTimerQueueStorage                0x20000f44   Data         160  timers.o(.bss)
    .bss                                     0x20000fe4   Section     1720  cmsis_os2.o(.bss)
    Idle_TCB                                 0x20000fe4   Data          92  cmsis_os2.o(.bss)
    Idle_Stack                               0x20001040   Data         512  cmsis_os2.o(.bss)
    Timer_TCB                                0x20001240   Data          92  cmsis_os2.o(.bss)
    Timer_Stack                              0x2000129c   Data        1024  cmsis_os2.o(.bss)
    .bss                                     0x2000169c   Section     3072  heap_4.o(.bss)
    ucHeap                                   0x2000169c   Data        3072  heap_4.o(.bss)
    STACK                                    0x200022a0   Section     1024  startup_stm32g431xx.o(STACK)

    Global Symbols

    Symbol Name                              Value     Ov Type        Size  Object(Section)

    BuildAttributes$$THM_ISAv4$E$P$D$K$B$S$7EM$VFPi3$EXTD16$VFPS$VFMA$PE$A:L22UL41UL21$X:L11$S22US41US21$IEEE1$IW$USESV6$~STKCKD$USESV7$~SHL$OTIME$ROPI$EBA8$MICROLIB$REQ8$PRES8$EABIv2 0x00000000   Number         0  anon$$obj.o ABSOLUTE
    __ARM_use_no_argv                        0x00000000   Number         0  main.o ABSOLUTE
    _printf_a                                0x00000000   Number         0  stubs.o ABSOLUTE
    _printf_c                                0x00000000   Number         0  stubs.o ABSOLUTE
    _printf_charcount                        0x00000000   Number         0  stubs.o ABSOLUTE
    _printf_d                                0x00000000   Number         0  stubs.o ABSOLUTE
    _printf_e                                0x00000000   Number         0  stubs.o ABSOLUTE
    _printf_f                                0x00000000   Number         0  stubs.o ABSOLUTE
    _printf_flags                            0x00000000   Number         0  stubs.o ABSOLUTE
    _printf_fp_dec                           0x00000000   Number         0  stubs.o ABSOLUTE
    _printf_fp_hex                           0x00000000   Number         0  stubs.o ABSOLUTE
    _printf_g                                0x00000000   Number         0  stubs.o ABSOLUTE
    _printf_i                                0x00000000   Number         0  stubs.o ABSOLUTE
    _printf_int_dec                          0x00000000   Number         0  stubs.o ABSOLUTE
    _printf_l                                0x00000000   Number         0  stubs.o ABSOLUTE
    _printf_lc                               0x00000000   Number         0  stubs.o ABSOLUTE
    _printf_ll                               0x00000000   Number         0  stubs.o ABSOLUTE
    _printf_lld                              0x00000000   Number         0  stubs.o ABSOLUTE
    _printf_lli                              0x00000000   Number         0  stubs.o ABSOLUTE
    _printf_llo                              0x00000000   Number         0  stubs.o ABSOLUTE
    _printf_llu                              0x00000000   Number         0  stubs.o ABSOLUTE
    _printf_llx                              0x00000000   Number         0  stubs.o ABSOLUTE
    _printf_longlong_dec                     0x00000000   Number         0  stubs.o ABSOLUTE
    _printf_longlong_hex                     0x00000000   Number         0  stubs.o ABSOLUTE
    _printf_longlong_oct                     0x00000000   Number         0  stubs.o ABSOLUTE
    _printf_ls                               0x00000000   Number         0  stubs.o ABSOLUTE
    _printf_mbtowc                           0x00000000   Number         0  stubs.o ABSOLUTE
    _printf_n                                0x00000000   Number         0  stubs.o ABSOLUTE
    _printf_o                                0x00000000   Number         0  stubs.o ABSOLUTE
    _printf_p                                0x00000000   Number         0  stubs.o ABSOLUTE
    _printf_percent                          0x00000000   Number         0  stubs.o ABSOLUTE
    _printf_pre_padding                      0x00000000   Number         0  stubs.o ABSOLUTE
    _printf_return_value                     0x00000000   Number         0  stubs.o ABSOLUTE
    _printf_s                                0x00000000   Number         0  stubs.o ABSOLUTE
    _printf_sizespec                         0x00000000   Number         0  stubs.o ABSOLUTE
    _printf_str                              0x00000000   Number         0  stubs.o ABSOLUTE
    _printf_truncate_signed                  0x00000000   Number         0  stubs.o ABSOLUTE
    _printf_truncate_unsigned                0x00000000   Number         0  stubs.o ABSOLUTE
    _printf_u                                0x00000000   Number         0  stubs.o ABSOLUTE
    _printf_wc                               0x00000000   Number         0  stubs.o ABSOLUTE
    _printf_wctomb                           0x00000000   Number         0  stubs.o ABSOLUTE
    _printf_widthprec                        0x00000000   Number         0  stubs.o ABSOLUTE
    _printf_x                                0x00000000   Number         0  stubs.o ABSOLUTE
    __cpp_initialize__aeabi_                  - Undefined Weak Reference
    __cxa_finalize                            - Undefined Weak Reference
    __decompress                              - Undefined Weak Reference
    _clock_init                               - Undefined Weak Reference
    _microlib_exit                            - Undefined Weak Reference
    __Vectors_Size                           0x000001d8   Number         0  startup_stm32g431xx.o ABSOLUTE
    __Vectors                                0x08000000   Data           4  startup_stm32g431xx.o(RESET)
    __Vectors_End                            0x080001d8   Data           0  startup_stm32g431xx.o(RESET)
    __main                                   0x080001d9   Thumb Code     0  entry.o(.ARM.Collect$$$$00000000)
    _main_stk                                0x080001d9   Thumb Code     0  entry2.o(.ARM.Collect$$$$00000001)
    _main_scatterload                        0x080001dd   Thumb Code     0  entry5.o(.ARM.Collect$$$$00000004)
    __main_after_scatterload                 0x080001e1   Thumb Code     0  entry5.o(.ARM.Collect$$$$00000004)
    _main_clock                              0x080001e1   Thumb Code     0  entry7b.o(.ARM.Collect$$$$00000008)
    _main_cpp_init                           0x080001e1   Thumb Code     0  entry8b.o(.ARM.Collect$$$$0000000A)
    _main_init                               0x080001e1   Thumb Code     0  entry9a.o(.ARM.Collect$$$$0000000B)
    __rt_final_cpp                           0x080001e9   Thumb Code     0  entry10a.o(.ARM.Collect$$$$0000000D)
    __rt_final_exit                          0x080001e9   Thumb Code     0  entry11a.o(.ARM.Collect$$$$0000000F)
    SVC_Handler                              0x080001ed   Thumb Code    28  port.o(.emb_text)
    __asm___6_port_c_39a90d8d__prvStartFirstTask 0x0800020d   Thumb Code    36  port.o(.emb_text)
    __asm___6_port_c_39a90d8d__prvEnableVFP  0x08000235   Thumb Code    16  port.o(.emb_text)
    PendSV_Handler                           0x08000249   Thumb Code    88  port.o(.emb_text)
    vPortGetIPSR                             0x080002a5   Thumb Code     6  port.o(.emb_text)
    Reset_Handler                            0x080002ad   Thumb Code     8  startup_stm32g431xx.o(.text)
    ADC1_2_IRQHandler                        0x080002c7   Thumb Code     0  startup_stm32g431xx.o(.text)
    COMP1_2_3_IRQHandler                     0x080002c7   Thumb Code     0  startup_stm32g431xx.o(.text)
    COMP4_IRQHandler                         0x080002c7   Thumb Code     0  startup_stm32g431xx.o(.text)
    CORDIC_IRQHandler                        0x080002c7   Thumb Code     0  startup_stm32g431xx.o(.text)
    CRS_IRQHandler                           0x080002c7   Thumb Code     0  startup_stm32g431xx.o(.text)
    DMA1_Channel1_IRQHandler                 0x080002c7   Thumb Code     0  startup_stm32g431xx.o(.text)
    DMA1_Channel2_IRQHandler                 0x080002c7   Thumb Code     0  startup_stm32g431xx.o(.text)
    DMA1_Channel3_IRQHandler                 0x080002c7   Thumb Code     0  startup_stm32g431xx.o(.text)
    DMA1_Channel4_IRQHandler                 0x080002c7   Thumb Code     0  startup_stm32g431xx.o(.text)
    DMA1_Channel5_IRQHandler                 0x080002c7   Thumb Code     0  startup_stm32g431xx.o(.text)
    DMA1_Channel6_IRQHandler                 0x080002c7   Thumb Code     0  startup_stm32g431xx.o(.text)
    DMA2_Channel1_IRQHandler                 0x080002c7   Thumb Code     0  startup_stm32g431xx.o(.text)
    DMA2_Channel2_IRQHandler                 0x080002c7   Thumb Code     0  startup_stm32g431xx.o(.text)
    DMA2_Channel3_IRQHandler                 0x080002c7   Thumb Code     0  startup_stm32g431xx.o(.text)
    DMA2_Channel4_IRQHandler                 0x080002c7   Thumb Code     0  startup_stm32g431xx.o(.text)
    DMA2_Channel5_IRQHandler                 0x080002c7   Thumb Code     0  startup_stm32g431xx.o(.text)
    DMA2_Channel6_IRQHandler                 0x080002c7   Thumb Code     0  startup_stm32g431xx.o(.text)
    DMAMUX_OVR_IRQHandler                    0x080002c7   Thumb Code     0  startup_stm32g431xx.o(.text)
    EXTI0_IRQHandler                         0x080002c7   Thumb Code     0  startup_stm32g431xx.o(.text)
    EXTI15_10_IRQHandler                     0x080002c7   Thumb Code     0  startup_stm32g431xx.o(.text)
    EXTI1_IRQHandler                         0x080002c7   Thumb Code     0  startup_stm32g431xx.o(.text)
    EXTI2_IRQHandler                         0x080002c7   Thumb Code     0  startup_stm32g431xx.o(.text)
    EXTI3_IRQHandler                         0x080002c7   Thumb Code     0  startup_stm32g431xx.o(.text)
    EXTI4_IRQHandler                         0x080002c7   Thumb Code     0  startup_stm32g431xx.o(.text)
    EXTI9_5_IRQHandler                       0x080002c7   Thumb Code     0  startup_stm32g431xx.o(.text)
    FDCAN1_IT0_IRQHandler                    0x080002c7   Thumb Code     0  startup_stm32g431xx.o(.text)
    FDCAN1_IT1_IRQHandler                    0x080002c7   Thumb Code     0  startup_stm32g431xx.o(.text)
    FLASH_IRQHandler                         0x080002c7   Thumb Code     0  startup_stm32g431xx.o(.text)
    FMAC_IRQHandler                          0x080002c7   Thumb Code     0  startup_stm32g431xx.o(.text)
    FPU_IRQHandler                           0x080002c7   Thumb Code     0  startup_stm32g431xx.o(.text)
    I2C1_ER_IRQHandler                       0x080002c7   Thumb Code     0  startup_stm32g431xx.o(.text)
    I2C1_EV_IRQHandler                       0x080002c7   Thumb Code     0  startup_stm32g431xx.o(.text)
    I2C2_ER_IRQHandler                       0x080002c7   Thumb Code     0  startup_stm32g431xx.o(.text)
    I2C2_EV_IRQHandler                       0x080002c7   Thumb Code     0  startup_stm32g431xx.o(.text)
    I2C3_ER_IRQHandler                       0x080002c7   Thumb Code     0  startup_stm32g431xx.o(.text)
    I2C3_EV_IRQHandler                       0x080002c7   Thumb Code     0  startup_stm32g431xx.o(.text)
    LPTIM1_IRQHandler                        0x080002c7   Thumb Code     0  startup_stm32g431xx.o(.text)
    LPUART1_IRQHandler                       0x080002c7   Thumb Code     0  startup_stm32g431xx.o(.text)
    PVD_PVM_IRQHandler                       0x080002c7   Thumb Code     0  startup_stm32g431xx.o(.text)
    RCC_IRQHandler                           0x080002c7   Thumb Code     0  startup_stm32g431xx.o(.text)
    RNG_IRQHandler                           0x080002c7   Thumb Code     0  startup_stm32g431xx.o(.text)
    RTC_Alarm_IRQHandler                     0x080002c7   Thumb Code     0  startup_stm32g431xx.o(.text)
    RTC_TAMP_LSECSS_IRQHandler               0x080002c7   Thumb Code     0  startup_stm32g431xx.o(.text)
    RTC_WKUP_IRQHandler                      0x080002c7   Thumb Code     0  startup_stm32g431xx.o(.text)
    SAI1_IRQHandler                          0x080002c7   Thumb Code     0  startup_stm32g431xx.o(.text)
    SPI1_IRQHandler                          0x080002c7   Thumb Code     0  startup_stm32g431xx.o(.text)
    SPI2_IRQHandler                          0x080002c7   Thumb Code     0  startup_stm32g431xx.o(.text)
    SPI3_IRQHandler                          0x080002c7   Thumb Code     0  startup_stm32g431xx.o(.text)
    TIM1_BRK_TIM15_IRQHandler                0x080002c7   Thumb Code     0  startup_stm32g431xx.o(.text)
    TIM1_CC_IRQHandler                       0x080002c7   Thumb Code     0  startup_stm32g431xx.o(.text)
    TIM1_TRG_COM_TIM17_IRQHandler            0x080002c7   Thumb Code     0  startup_stm32g431xx.o(.text)
    TIM1_UP_TIM16_IRQHandler                 0x080002c7   Thumb Code     0  startup_stm32g431xx.o(.text)
    TIM2_IRQHandler                          0x080002c7   Thumb Code     0  startup_stm32g431xx.o(.text)
    TIM3_IRQHandler                          0x080002c7   Thumb Code     0  startup_stm32g431xx.o(.text)
    TIM4_IRQHandler                          0x080002c7   Thumb Code     0  startup_stm32g431xx.o(.text)
    TIM7_DAC_IRQHandler                      0x080002c7   Thumb Code     0  startup_stm32g431xx.o(.text)
    TIM8_BRK_IRQHandler                      0x080002c7   Thumb Code     0  startup_stm32g431xx.o(.text)
    TIM8_CC_IRQHandler                       0x080002c7   Thumb Code     0  startup_stm32g431xx.o(.text)
    TIM8_TRG_COM_IRQHandler                  0x080002c7   Thumb Code     0  startup_stm32g431xx.o(.text)
    TIM8_UP_IRQHandler                       0x080002c7   Thumb Code     0  startup_stm32g431xx.o(.text)
    UART4_IRQHandler                         0x080002c7   Thumb Code     0  startup_stm32g431xx.o(.text)
    UCPD1_IRQHandler                         0x080002c7   Thumb Code     0  startup_stm32g431xx.o(.text)
    USART1_IRQHandler                        0x080002c7   Thumb Code     0  startup_stm32g431xx.o(.text)
    USART2_IRQHandler                        0x080002c7   Thumb Code     0  startup_stm32g431xx.o(.text)
    USART3_IRQHandler                        0x080002c7   Thumb Code     0  startup_stm32g431xx.o(.text)
    USBWakeUp_IRQHandler                     0x080002c7   Thumb Code     0  startup_stm32g431xx.o(.text)
    USB_HP_IRQHandler                        0x080002c7   Thumb Code     0  startup_stm32g431xx.o(.text)
    USB_LP_IRQHandler                        0x080002c7   Thumb Code     0  startup_stm32g431xx.o(.text)
    WWDG_IRQHandler                          0x080002c7   Thumb Code     0  startup_stm32g431xx.o(.text)
    __aeabi_memcpy                           0x080002d1   Thumb Code    36  memcpya.o(.text)
    __aeabi_memcpy4                          0x080002d1   Thumb Code     0  memcpya.o(.text)
    __aeabi_memcpy8                          0x080002d1   Thumb Code     0  memcpya.o(.text)
    __aeabi_memset                           0x080002f5   Thumb Code    14  memseta.o(.text)
    __aeabi_memset4                          0x080002f5   Thumb Code     0  memseta.o(.text)
    __aeabi_memset8                          0x080002f5   Thumb Code     0  memseta.o(.text)
    __aeabi_memclr                           0x08000303   Thumb Code     4  memseta.o(.text)
    __aeabi_memclr4                          0x08000303   Thumb Code     0  memseta.o(.text)
    __aeabi_memclr8                          0x08000303   Thumb Code     0  memseta.o(.text)
    memset                                   0x08000307   Thumb Code    18  memseta.o(.text)
    __aeabi_uidiv                            0x08000319   Thumb Code     0  uidiv.o(.text)
    __aeabi_uidivmod                         0x08000319   Thumb Code    44  uidiv.o(.text)
    __scatterload                            0x08000345   Thumb Code    28  init.o(.text)
    __scatterload_rt2                        0x08000345   Thumb Code     0  init.o(.text)
    ADC_Enable                               0x08000369   Thumb Code   146  stm32g4xx_hal_adc.o(i.ADC_Enable)
    AppBodyInductio                          0x080003fd   Thumb Code    66  main.o(i.AppBodyInductio)
    Appcntclear                              0x08000449   Thumb Code    28  main.o(i.Appcntclear)
    BusFault_Handler                         0x08000469   Thumb Code     2  stm32g4xx_it.o(i.BusFault_Handler)
    DebugMon_Handler                         0x0800046b   Thumb Code     2  stm32g4xx_it.o(i.DebugMon_Handler)
    Delay_LCD                                0x0800046d   Thumb Code    28  lcd.o(i.Delay_LCD)
    Error_Handler                            0x08000489   Thumb Code     2  main.o(i.Error_Handler)
    HAL_ADCEx_MultiModeConfigChannel         0x0800048d   Thumb Code   250  stm32g4xx_hal_adc_ex.o(i.HAL_ADCEx_MultiModeConfigChannel)
    HAL_ADC_ConfigChannel                    0x08000591   Thumb Code  1270  stm32g4xx_hal_adc.o(i.HAL_ADC_ConfigChannel)
    HAL_ADC_GetValue                         0x08000aa1   Thumb Code     6  stm32g4xx_hal_adc.o(i.HAL_ADC_GetValue)
    HAL_ADC_Init                             0x08000aa9   Thumb Code   504  stm32g4xx_hal_adc.o(i.HAL_ADC_Init)
    HAL_ADC_MspInit                          0x08000cb5   Thumb Code    82  adc.o(i.HAL_ADC_MspInit)
    HAL_ADC_Start                            0x08000d0d   Thumb Code   250  stm32g4xx_hal_adc.o(i.HAL_ADC_Start)
    HAL_Delay                                0x08000e11   Thumb Code    34  stm32g4xx_hal.o(i.HAL_Delay)
    HAL_GPIO_Init                            0x08000e39   Thumb Code   556  stm32g4xx_hal_gpio.o(i.HAL_GPIO_Init)
    HAL_GPIO_ReadPin                         0x08001079   Thumb Code    14  stm32g4xx_hal_gpio.o(i.HAL_GPIO_ReadPin)
    HAL_GPIO_WritePin                        0x08001087   Thumb Code    12  stm32g4xx_hal_gpio.o(i.HAL_GPIO_WritePin)
    HAL_GetTick                              0x08001095   Thumb Code     6  stm32g4xx_hal.o(i.HAL_GetTick)
    HAL_IncTick                              0x080010a1   Thumb Code    12  stm32g4xx_hal.o(i.HAL_IncTick)
    HAL_Init                                 0x080010b1   Thumb Code    30  stm32g4xx_hal.o(i.HAL_Init)
    HAL_InitTick                             0x080010d1   Thumb Code    98  stm32g4xx_hal_timebase_tim.o(i.HAL_InitTick)
    HAL_MspInit                              0x08001145   Thumb Code    58  stm32g4xx_hal_msp.o(i.HAL_MspInit)
    HAL_NVIC_EnableIRQ                       0x08001189   Thumb Code    28  stm32g4xx_hal_cortex.o(i.HAL_NVIC_EnableIRQ)
    HAL_NVIC_SetPriority                     0x080011a5   Thumb Code    98  stm32g4xx_hal_cortex.o(i.HAL_NVIC_SetPriority)
    HAL_NVIC_SetPriorityGrouping             0x0800120d   Thumb Code    30  stm32g4xx_hal_cortex.o(i.HAL_NVIC_SetPriorityGrouping)
    HAL_PWREx_ControlVoltageScaling          0x08001231   Thumb Code   206  stm32g4xx_hal_pwr_ex.o(i.HAL_PWREx_ControlVoltageScaling)
    HAL_RCCEx_PeriphCLKConfig                0x0800130d   Thumb Code   720  stm32g4xx_hal_rcc_ex.o(i.HAL_RCCEx_PeriphCLKConfig)
    HAL_RCC_ClockConfig                      0x080015e5   Thumb Code   490  stm32g4xx_hal_rcc.o(i.HAL_RCC_ClockConfig)
    HAL_RCC_GetClockConfig                   0x080017e9   Thumb Code    52  stm32g4xx_hal_rcc.o(i.HAL_RCC_GetClockConfig)
    HAL_RCC_GetHCLKFreq                      0x08001825   Thumb Code     6  stm32g4xx_hal_rcc.o(i.HAL_RCC_GetHCLKFreq)
    HAL_RCC_GetPCLK1Freq                     0x08001831   Thumb Code    26  stm32g4xx_hal_rcc.o(i.HAL_RCC_GetPCLK1Freq)
    HAL_RCC_GetSysClockFreq                  0x08001855   Thumb Code   106  stm32g4xx_hal_rcc.o(i.HAL_RCC_GetSysClockFreq)
    HAL_RCC_OscConfig                        0x080018cd   Thumb Code  1310  stm32g4xx_hal_rcc.o(i.HAL_RCC_OscConfig)
    HAL_TIMEx_Break2Callback                 0x08001df1   Thumb Code     2  stm32g4xx_hal_tim_ex.o(i.HAL_TIMEx_Break2Callback)
    HAL_TIMEx_BreakCallback                  0x08001df3   Thumb Code     2  stm32g4xx_hal_tim_ex.o(i.HAL_TIMEx_BreakCallback)
    HAL_TIMEx_CommutCallback                 0x08001df5   Thumb Code     2  stm32g4xx_hal_tim_ex.o(i.HAL_TIMEx_CommutCallback)
    HAL_TIMEx_DirectionChangeCallback        0x08001df7   Thumb Code     2  stm32g4xx_hal_tim_ex.o(i.HAL_TIMEx_DirectionChangeCallback)
    HAL_TIMEx_EncoderIndexCallback           0x08001df9   Thumb Code     2  stm32g4xx_hal_tim_ex.o(i.HAL_TIMEx_EncoderIndexCallback)
    HAL_TIMEx_IndexErrorCallback             0x08001dfb   Thumb Code     2  stm32g4xx_hal_tim_ex.o(i.HAL_TIMEx_IndexErrorCallback)
    HAL_TIMEx_TransitionErrorCallback        0x08001dfd   Thumb Code     2  stm32g4xx_hal_tim_ex.o(i.HAL_TIMEx_TransitionErrorCallback)
    HAL_TIM_Base_Init                        0x08001dff   Thumb Code   100  stm32g4xx_hal_tim.o(i.HAL_TIM_Base_Init)
    HAL_TIM_Base_MspInit                     0x08001e63   Thumb Code     2  stm32g4xx_hal_tim.o(i.HAL_TIM_Base_MspInit)
    HAL_TIM_Base_Start_IT                    0x08001e65   Thumb Code    58  stm32g4xx_hal_tim.o(i.HAL_TIM_Base_Start_IT)
    HAL_TIM_IC_CaptureCallback               0x08001ea5   Thumb Code     2  stm32g4xx_hal_tim.o(i.HAL_TIM_IC_CaptureCallback)
    HAL_TIM_IRQHandler                       0x08001ea7   Thumb Code   522  stm32g4xx_hal_tim.o(i.HAL_TIM_IRQHandler)
    HAL_TIM_OC_DelayElapsedCallback          0x080020b1   Thumb Code     2  stm32g4xx_hal_tim.o(i.HAL_TIM_OC_DelayElapsedCallback)
    HAL_TIM_PWM_PulseFinishedCallback        0x080020b3   Thumb Code     2  stm32g4xx_hal_tim.o(i.HAL_TIM_PWM_PulseFinishedCallback)
    HAL_TIM_PeriodElapsedCallback            0x080020b5   Thumb Code    14  main.o(i.HAL_TIM_PeriodElapsedCallback)
    HAL_TIM_TriggerCallback                  0x080020c9   Thumb Code     2  stm32g4xx_hal_tim.o(i.HAL_TIM_TriggerCallback)
    HardFault_Handler                        0x080020cb   Thumb Code     2  stm32g4xx_it.o(i.HardFault_Handler)
    LCD_BusIn                                0x080020cd   Thumb Code    40  lcd.o(i.LCD_BusIn)
    LCD_BusOut                               0x080020f9   Thumb Code    42  lcd.o(i.LCD_BusOut)
    LCD_CtrlLinesConfig                      0x08002129   Thumb Code   136  lcd.o(i.LCD_CtrlLinesConfig)
    LCD_DisplayChar                          0x080021b9   Thumb Code    18  lcd.o(i.LCD_DisplayChar)
    LCD_DisplayStringLine                    0x080021d1   Thumb Code    42  lcd.o(i.LCD_DisplayStringLine)
    LCD_DrawChar                             0x080021fd   Thumb Code    84  lcd.o(i.LCD_DrawChar)
    LCD_Init                                 0x08002255   Thumb Code    46  lcd.o(i.LCD_Init)
    LCD_ReadReg                              0x08002289   Thumb Code   120  lcd.o(i.LCD_ReadReg)
    LCD_SetBackColor                         0x08002309   Thumb Code    12  lcd.o(i.LCD_SetBackColor)
    LCD_SetCursor                            0x08002319   Thumb Code    24  lcd.o(i.LCD_SetCursor)
    LCD_SetTextColor                         0x08002331   Thumb Code    12  lcd.o(i.LCD_SetTextColor)
    LCD_WriteRAM                             0x08002341   Thumb Code    80  lcd.o(i.LCD_WriteRAM)
    LCD_WriteRAM_Prepare                     0x08002399   Thumb Code    82  lcd.o(i.LCD_WriteRAM_Prepare)
    LCD_WriteReg                             0x080023f5   Thumb Code   100  lcd.o(i.LCD_WriteReg)
    MX_ADC1_Init                             0x08002461   Thumb Code   132  adc.o(i.MX_ADC1_Init)
    MX_FREERTOS_Init                         0x080024ed   Thumb Code    46  app_freertos.o(i.MX_FREERTOS_Init)
    MX_GPIO_Init                             0x08002531   Thumb Code   256  gpio.o(i.MX_GPIO_Init)
    MemManage_Handler                        0x08002641   Thumb Code     2  stm32g4xx_it.o(i.MemManage_Handler)
    NMI_Handler                              0x08002643   Thumb Code     2  stm32g4xx_it.o(i.NMI_Handler)
    REG_8230_Init                            0x08002695   Thumb Code   274  lcd.o(i.REG_8230_Init)
    REG_932X_Init                            0x080027a7   Thumb Code   514  lcd.o(i.REG_932X_Init)
    StartLcd_debug                           0x080029a9   Thumb Code    46  main.o(i.StartLcd_debug)
    SysTick_Handler                          0x08002a11   Thumb Code    38  port.o(i.SysTick_Handler)
    SystemClock_Config                       0x08002a3d   Thumb Code   114  main.o(i.SystemClock_Config)
    SystemInit                               0x08002ab1   Thumb Code    22  system_stm32g4xx.o(i.SystemInit)
    TIM6_DAC_IRQHandler                      0x08002acd   Thumb Code     6  stm32g4xx_it.o(i.TIM6_DAC_IRQHandler)
    TIM_Base_SetConfig                       0x08002ad9   Thumb Code   148  stm32g4xx_hal_tim.o(i.TIM_Base_SetConfig)
    UsageFault_Handler                       0x08002b89   Thumb Code     2  stm32g4xx_it.o(i.UsageFault_Handler)
    __0sprintf$6                             0x08002b8d   Thumb Code    34  printf6.o(i.__0sprintf$6)
    __1sprintf$6                             0x08002b8d   Thumb Code     0  printf6.o(i.__0sprintf$6)
    __2sprintf                               0x08002b8d   Thumb Code     0  printf6.o(i.__0sprintf$6)
    __scatterload_copy                       0x08002bb5   Thumb Code    14  handlers.o(i.__scatterload_copy)
    __scatterload_null                       0x08002bc3   Thumb Code     2  handlers.o(i.__scatterload_null)
    __scatterload_zeroinit                   0x08002bc5   Thumb Code    14  handlers.o(i.__scatterload_zeroinit)
    led_open                                 0x08002f21   Thumb Code    74  led.o(i.led_open)
    main                                     0x08002f75   Thumb Code   138  main.o(i.main)
    osDelay                                  0x08003031   Thumb Code    50  cmsis_os2.o(i.osDelay)
    osKernelInitialize                       0x08003069   Thumb Code    50  cmsis_os2.o(i.osKernelInitialize)
    osKernelStart                            0x080030a1   Thumb Code    58  cmsis_os2.o(i.osKernelStart)
    osThreadNew                              0x080030e1   Thumb Code   212  cmsis_os2.o(i.osThreadNew)
    pvPortMalloc                             0x080039f9   Thumb Code   218  heap_4.o(i.pvPortMalloc)
    pxPortInitialiseStack                    0x08003add   Thumb Code    38  port.o(i.pxPortInitialiseStack)
    uxListRemove                             0x08003b09   Thumb Code    38  list.o(i.uxListRemove)
    vApplicationGetIdleTaskMemory            0x08003b31   Thumb Code    16  cmsis_os2.o(i.vApplicationGetIdleTaskMemory)
    vApplicationGetTimerTaskMemory           0x08003b45   Thumb Code    18  cmsis_os2.o(i.vApplicationGetTimerTaskMemory)
    vListInitialise                          0x08003b5d   Thumb Code    22  list.o(i.vListInitialise)
    vListInitialiseItem                      0x08003b73   Thumb Code     6  list.o(i.vListInitialiseItem)
    vListInsert                              0x08003b79   Thumb Code    54  list.o(i.vListInsert)
    vListInsertEnd                           0x08003baf   Thumb Code    24  list.o(i.vListInsertEnd)
    vPortEnterCritical                       0x08003bc9   Thumb Code    54  port.o(i.vPortEnterCritical)
    vPortExitCritical                        0x08003c09   Thumb Code    38  port.o(i.vPortExitCritical)
    vPortFree                                0x08003c35   Thumb Code    88  heap_4.o(i.vPortFree)
    vPortSetupTimerInterrupt                 0x08003c91   Thumb Code    32  port.o(i.vPortSetupTimerInterrupt)
    vPortValidateInterruptPriority           0x08003cb5   Thumb Code    74  port.o(i.vPortValidateInterruptPriority)
    vQueueAddToRegistry                      0x08003d09   Thumb Code    34  queue.o(i.vQueueAddToRegistry)
    vQueueWaitForMessageRestricted           0x08003d31   Thumb Code    74  queue.o(i.vQueueWaitForMessageRestricted)
    vTaskDelay                               0x08003d7d   Thumb Code    70  tasks.o(i.vTaskDelay)
    vTaskInternalSetTimeOutState             0x08003dcd   Thumb Code    12  tasks.o(i.vTaskInternalSetTimeOutState)
    vTaskMissedYield                         0x08003ddd   Thumb Code     8  tasks.o(i.vTaskMissedYield)
    vTaskPlaceOnEventList                    0x08003de9   Thumb Code    48  tasks.o(i.vTaskPlaceOnEventList)
    vTaskPlaceOnEventListRestricted          0x08003e1d   Thumb Code    54  tasks.o(i.vTaskPlaceOnEventListRestricted)
    vTaskStartScheduler                      0x08003e59   Thumb Code   128  tasks.o(i.vTaskStartScheduler)
    vTaskSuspendAll                          0x08003ee9   Thumb Code    10  tasks.o(i.vTaskSuspendAll)
    vTaskSwitchContext                       0x08003ef9   Thumb Code   100  tasks.o(i.vTaskSwitchContext)
    xPortStartScheduler                      0x08003f65   Thumb Code   232  port.o(i.xPortStartScheduler)
    xQueueGenericCreateStatic                0x08004069   Thumb Code   112  queue.o(i.xQueueGenericCreateStatic)
    xQueueGenericReset                       0x080040d9   Thumb Code   138  queue.o(i.xQueueGenericReset)
    xQueueGenericSend                        0x08004169   Thumb Code   362  queue.o(i.xQueueGenericSend)
    xQueueGenericSendFromISR                 0x080042d9   Thumb Code   188  queue.o(i.xQueueGenericSendFromISR)
    xQueueReceive                            0x08004395   Thumb Code   322  queue.o(i.xQueueReceive)
    xTaskCheckForTimeOut                     0x080044dd   Thumb Code   122  tasks.o(i.xTaskCheckForTimeOut)
    xTaskCreate                              0x0800455d   Thumb Code   108  tasks.o(i.xTaskCreate)
    xTaskCreateStatic                        0x080045c9   Thumb Code    96  tasks.o(i.xTaskCreateStatic)
    xTaskGetSchedulerState                   0x08004629   Thumb Code    24  tasks.o(i.xTaskGetSchedulerState)
    xTaskGetTickCount                        0x08004645   Thumb Code     6  tasks.o(i.xTaskGetTickCount)
    xTaskIncrementTick                       0x08004651   Thumb Code   194  tasks.o(i.xTaskIncrementTick)
    xTaskPriorityDisinherit                  0x0800471d   Thumb Code   118  tasks.o(i.xTaskPriorityDisinherit)
    xTaskRemoveFromEventList                 0x0800479d   Thumb Code   106  tasks.o(i.xTaskRemoveFromEventList)
    xTaskResumeAll                           0x08004815   Thumb Code   190  tasks.o(i.xTaskResumeAll)
    xTimerCreateTimerTask                    0x080048e1   Thumb Code    86  timers.o(i.xTimerCreateTimerTask)
    xTimerGenericCommand                     0x08004949   Thumb Code   112  timers.o(i.xTimerGenericCommand)
    ASCII_Table                              0x080049bc   Data        4560  lcd.o(.constdata)
    BodyInduction_attributes                 0x08005b8c   Data          36  app_freertos.o(.constdata)
    lcd_debug_attributes                     0x08005bb0   Data          36  app_freertos.o(.constdata)
    cntclear_attributes                      0x08005bd4   Data          36  app_freertos.o(.constdata)
    AHBPrescTable                            0x08005bf8   Data          16  system_stm32g4xx.o(.constdata)
    APBPrescTable                            0x08005c08   Data           8  system_stm32g4xx.o(.constdata)
    Region$$Table$$Base                      0x08005c38   Number         0  anon$$obj.o(Region$$Table)
    Region$$Table$$Limit                     0x08005c58   Number         0  anon$$obj.o(Region$$Table)
    dummy                                    0x20000004   Data           2  lcd.o(.data)
    bodyinfo                                 0x20000006   Data           1  main.o(.data)
    firecnt                                  0x20000007   Data           1  main.o(.data)
    fireinfo                                 0x20000008   Data           1  main.o(.data)
    firedigital                              0x2000000a   Data           2  main.o(.data)
    BodyInductionHandle                      0x2000000c   Data           4  app_freertos.o(.data)
    lcd_debugHandle                          0x20000010   Data           4  app_freertos.o(.data)
    cntclearHandle                           0x20000014   Data           4  app_freertos.o(.data)
    SystemCoreClock                          0x20000018   Data           4  system_stm32g4xx.o(.data)
    uwTickPrio                               0x2000001c   Data           4  stm32g4xx_hal.o(.data)
    uwTickFreq                               0x20000020   Data           4  stm32g4xx_hal.o(.data)
    uwTick                                   0x20000024   Data           4  stm32g4xx_hal.o(.data)
    pxCurrentTCB                             0x20000028   Data           4  tasks.o(.data)
    buffer                                   0x200000a0   Data          20  main.o(.bss)
    lcd_debugBuffer                          0x200000b4   Data        2048  app_freertos.o(.bss)
    lcd_debugControlBlock                    0x200008b4   Data          92  app_freertos.o(.bss)
    hadc1                                    0x20000910   Data         108  adc.o(.bss)
    htim6                                    0x2000097c   Data          76  stm32g4xx_hal_timebase_tim.o(.bss)
    xQueueRegistry                           0x200009c8   Data          64  queue.o(.bss)
    __initial_sp                             0x200026a0   Data           0  startup_stm32g431xx.o(STACK)



==============================================================================

Memory Map of the image

  Image Entry point : 0x080001d9

  Load Region LR_IROM1 (Base: 0x08000000, Size: 0x00005cf8, Max: 0x00020000, ABSOLUTE)

    Execution Region ER_IROM1 (Exec base: 0x08000000, Load base: 0x08000000, Size: 0x00005c58, Max: 0x00020000, ABSOLUTE)

    Exec Addr    Load Addr    Size         Type   Attr      Idx    E Section Name        Object

    0x08000000   0x08000000   0x000001d8   Data   RO            3    RESET               startup_stm32g431xx.o
    0x080001d8   0x080001d8   0x00000000   Code   RO         5545  * .ARM.Collect$$$$00000000  mc_w.l(entry.o)
    0x080001d8   0x080001d8   0x00000004   Code   RO         5817    .ARM.Collect$$$$00000001  mc_w.l(entry2.o)
    0x080001dc   0x080001dc   0x00000004   Code   RO         5820    .ARM.Collect$$$$00000004  mc_w.l(entry5.o)
    0x080001e0   0x080001e0   0x00000000   Code   RO         5822    .ARM.Collect$$$$00000008  mc_w.l(entry7b.o)
    0x080001e0   0x080001e0   0x00000000   Code   RO         5824    .ARM.Collect$$$$0000000A  mc_w.l(entry8b.o)
    0x080001e0   0x080001e0   0x00000008   Code   RO         5825    .ARM.Collect$$$$0000000B  mc_w.l(entry9a.o)
    0x080001e8   0x080001e8   0x00000000   Code   RO         5827    .ARM.Collect$$$$0000000D  mc_w.l(entry10a.o)
    0x080001e8   0x080001e8   0x00000000   Code   RO         5829    .ARM.Collect$$$$0000000F  mc_w.l(entry11a.o)
    0x080001e8   0x080001e8   0x00000004   Code   RO         5818    .ARM.Collect$$$$00002712  mc_w.l(entry2.o)
    0x080001ec   0x080001ec   0x000000be   Code   RO         5468    .emb_text           port.o
    0x080002aa   0x080002aa   0x00000002   PAD
    0x080002ac   0x080002ac   0x00000024   Code   RO            4    .text               startup_stm32g431xx.o
    0x080002d0   0x080002d0   0x00000024   Code   RO         5548    .text               mc_w.l(memcpya.o)
    0x080002f4   0x080002f4   0x00000024   Code   RO         5552    .text               mc_w.l(memseta.o)
    0x08000318   0x08000318   0x0000002c   Code   RO         5834    .text               mc_w.l(uidiv.o)
    0x08000344   0x08000344   0x00000024   Code   RO         5849    .text               mc_w.l(init.o)
    0x08000368   0x08000368   0x00000092   Code   RO          827    i.ADC_Enable        stm32g4xx_hal_adc.o
    0x080003fa   0x080003fa   0x00000002   PAD
    0x080003fc   0x080003fc   0x0000004c   Code   RO          360    i.AppBodyInductio   main.o
    0x08000448   0x08000448   0x00000020   Code   RO          361    i.Appcntclear       main.o
    0x08000468   0x08000468   0x00000002   Code   RO          588    i.BusFault_Handler  stm32g4xx_it.o
    0x0800046a   0x0800046a   0x00000002   Code   RO          589    i.DebugMon_Handler  stm32g4xx_it.o
    0x0800046c   0x0800046c   0x0000001c   Code   RO           13    i.Delay_LCD         lcd.o
    0x08000488   0x08000488   0x00000002   Code   RO          362    i.Error_Handler     main.o
    0x0800048a   0x0800048a   0x00000002   PAD
    0x0800048c   0x0800048c   0x00000104   Code   RO         1047    i.HAL_ADCEx_MultiModeConfigChannel  stm32g4xx_hal_adc_ex.o
    0x08000590   0x08000590   0x00000510   Code   RO          829    i.HAL_ADC_ConfigChannel  stm32g4xx_hal_adc.o
    0x08000aa0   0x08000aa0   0x00000006   Code   RO          836    i.HAL_ADC_GetValue  stm32g4xx_hal_adc.o
    0x08000aa6   0x08000aa6   0x00000002   PAD
    0x08000aa8   0x08000aa8   0x0000020c   Code   RO          838    i.HAL_ADC_Init      stm32g4xx_hal_adc.o
    0x08000cb4   0x08000cb4   0x00000058   Code   RO          547    i.HAL_ADC_MspInit   adc.o
    0x08000d0c   0x08000d0c   0x00000104   Code   RO          844    i.HAL_ADC_Start     stm32g4xx_hal_adc.o
    0x08000e10   0x08000e10   0x00000028   Code   RO         1221    i.HAL_Delay         stm32g4xx_hal.o
    0x08000e38   0x08000e38   0x00000240   Code   RO          759    i.HAL_GPIO_Init     stm32g4xx_hal_gpio.o
    0x08001078   0x08001078   0x0000000e   Code   RO          761    i.HAL_GPIO_ReadPin  stm32g4xx_hal_gpio.o
    0x08001086   0x08001086   0x0000000c   Code   RO          763    i.HAL_GPIO_WritePin  stm32g4xx_hal_gpio.o
    0x08001092   0x08001092   0x00000002   PAD
    0x08001094   0x08001094   0x0000000c   Code   RO         1225    i.HAL_GetTick       stm32g4xx_hal.o
    0x080010a0   0x080010a0   0x00000010   Code   RO         1228    i.HAL_IncTick       stm32g4xx_hal.o
    0x080010b0   0x080010b0   0x0000001e   Code   RO         1229    i.HAL_Init          stm32g4xx_hal.o
    0x080010ce   0x080010ce   0x00000002   PAD
    0x080010d0   0x080010d0   0x00000074   Code   RO          679    i.HAL_InitTick      stm32g4xx_hal_timebase_tim.o
    0x08001144   0x08001144   0x00000044   Code   RO          652    i.HAL_MspInit       stm32g4xx_hal_msp.o
    0x08001188   0x08001188   0x0000001c   Code   RO         2553    i.HAL_NVIC_EnableIRQ  stm32g4xx_hal_cortex.o
    0x080011a4   0x080011a4   0x00000068   Code   RO         2559    i.HAL_NVIC_SetPriority  stm32g4xx_hal_cortex.o
    0x0800120c   0x0800120c   0x00000024   Code   RO         2560    i.HAL_NVIC_SetPriorityGrouping  stm32g4xx_hal_cortex.o
    0x08001230   0x08001230   0x000000dc   Code   RO         2309    i.HAL_PWREx_ControlVoltageScaling  stm32g4xx_hal_pwr_ex.o
    0x0800130c   0x0800130c   0x000002d8   Code   RO         1579    i.HAL_RCCEx_PeriphCLKConfig  stm32g4xx_hal_rcc_ex.o
    0x080015e4   0x080015e4   0x00000204   Code   RO         1449    i.HAL_RCC_ClockConfig  stm32g4xx_hal_rcc.o
    0x080017e8   0x080017e8   0x0000003c   Code   RO         1454    i.HAL_RCC_GetClockConfig  stm32g4xx_hal_rcc.o
    0x08001824   0x08001824   0x0000000c   Code   RO         1455    i.HAL_RCC_GetHCLKFreq  stm32g4xx_hal_rcc.o
    0x08001830   0x08001830   0x00000024   Code   RO         1457    i.HAL_RCC_GetPCLK1Freq  stm32g4xx_hal_rcc.o
    0x08001854   0x08001854   0x00000078   Code   RO         1459    i.HAL_RCC_GetSysClockFreq  stm32g4xx_hal_rcc.o
    0x080018cc   0x080018cc   0x00000524   Code   RO         1462    i.HAL_RCC_OscConfig  stm32g4xx_hal_rcc.o
    0x08001df0   0x08001df0   0x00000002   Code   RO         3405    i.HAL_TIMEx_Break2Callback  stm32g4xx_hal_tim_ex.o
    0x08001df2   0x08001df2   0x00000002   Code   RO         3406    i.HAL_TIMEx_BreakCallback  stm32g4xx_hal_tim_ex.o
    0x08001df4   0x08001df4   0x00000002   Code   RO         3407    i.HAL_TIMEx_CommutCallback  stm32g4xx_hal_tim_ex.o
    0x08001df6   0x08001df6   0x00000002   Code   RO         3418    i.HAL_TIMEx_DirectionChangeCallback  stm32g4xx_hal_tim_ex.o
    0x08001df8   0x08001df8   0x00000002   Code   RO         3432    i.HAL_TIMEx_EncoderIndexCallback  stm32g4xx_hal_tim_ex.o
    0x08001dfa   0x08001dfa   0x00000002   Code   RO         3446    i.HAL_TIMEx_IndexErrorCallback  stm32g4xx_hal_tim_ex.o
    0x08001dfc   0x08001dfc   0x00000002   Code   RO         3468    i.HAL_TIMEx_TransitionErrorCallback  stm32g4xx_hal_tim_ex.o
    0x08001dfe   0x08001dfe   0x00000064   Code   RO         2680    i.HAL_TIM_Base_Init  stm32g4xx_hal_tim.o
    0x08001e62   0x08001e62   0x00000002   Code   RO         2682    i.HAL_TIM_Base_MspInit  stm32g4xx_hal_tim.o
    0x08001e64   0x08001e64   0x00000040   Code   RO         2685    i.HAL_TIM_Base_Start_IT  stm32g4xx_hal_tim.o
    0x08001ea4   0x08001ea4   0x00000002   Code   RO         2714    i.HAL_TIM_IC_CaptureCallback  stm32g4xx_hal_tim.o
    0x08001ea6   0x08001ea6   0x0000020a   Code   RO         2728    i.HAL_TIM_IRQHandler  stm32g4xx_hal_tim.o
    0x080020b0   0x080020b0   0x00000002   Code   RO         2731    i.HAL_TIM_OC_DelayElapsedCallback  stm32g4xx_hal_tim.o
    0x080020b2   0x080020b2   0x00000002   Code   RO         2758    i.HAL_TIM_PWM_PulseFinishedCallback  stm32g4xx_hal_tim.o
    0x080020b4   0x080020b4   0x00000014   Code   RO          363    i.HAL_TIM_PeriodElapsedCallback  main.o
    0x080020c8   0x080020c8   0x00000002   Code   RO         2771    i.HAL_TIM_TriggerCallback  stm32g4xx_hal_tim.o
    0x080020ca   0x080020ca   0x00000002   Code   RO          590    i.HardFault_Handler  stm32g4xx_it.o
    0x080020cc   0x080020cc   0x0000002c   Code   RO           14    i.LCD_BusIn         lcd.o
    0x080020f8   0x080020f8   0x00000030   Code   RO           15    i.LCD_BusOut        lcd.o
    0x08002128   0x08002128   0x00000090   Code   RO           18    i.LCD_CtrlLinesConfig  lcd.o
    0x080021b8   0x080021b8   0x00000018   Code   RO           19    i.LCD_DisplayChar   lcd.o
    0x080021d0   0x080021d0   0x0000002a   Code   RO           22    i.LCD_DisplayStringLine  lcd.o
    0x080021fa   0x080021fa   0x00000002   PAD
    0x080021fc   0x080021fc   0x00000058   Code   RO           23    i.LCD_DrawChar      lcd.o
    0x08002254   0x08002254   0x00000034   Code   RO           29    i.LCD_Init          lcd.o
    0x08002288   0x08002288   0x00000080   Code   RO           32    i.LCD_ReadReg       lcd.o
    0x08002308   0x08002308   0x00000010   Code   RO           33    i.LCD_SetBackColor  lcd.o
    0x08002318   0x08002318   0x00000018   Code   RO           34    i.LCD_SetCursor     lcd.o
    0x08002330   0x08002330   0x00000010   Code   RO           36    i.LCD_SetTextColor  lcd.o
    0x08002340   0x08002340   0x00000058   Code   RO           39    i.LCD_WriteRAM      lcd.o
    0x08002398   0x08002398   0x0000005c   Code   RO           40    i.LCD_WriteRAM_Prepare  lcd.o
    0x080023f4   0x080023f4   0x0000006c   Code   RO           41    i.LCD_WriteReg      lcd.o
    0x08002460   0x08002460   0x0000008c   Code   RO          548    i.MX_ADC1_Init      adc.o
    0x080024ec   0x080024ec   0x00000044   Code   RO          490    i.MX_FREERTOS_Init  app_freertos.o
    0x08002530   0x08002530   0x00000110   Code   RO          464    i.MX_GPIO_Init      gpio.o
    0x08002640   0x08002640   0x00000002   Code   RO          591    i.MemManage_Handler  stm32g4xx_it.o
    0x08002642   0x08002642   0x00000002   Code   RO          592    i.NMI_Handler       stm32g4xx_it.o
    0x08002644   0x08002644   0x00000050   Code   RO         1463    i.RCC_GetSysClockFreqFromPLLSource  stm32g4xx_hal_rcc.o
    0x08002694   0x08002694   0x00000112   Code   RO           42    i.REG_8230_Init     lcd.o
    0x080027a6   0x080027a6   0x00000202   Code   RO           43    i.REG_932X_Init     lcd.o
    0x080029a8   0x080029a8   0x00000068   Code   RO          364    i.StartLcd_debug    main.o
    0x08002a10   0x08002a10   0x0000002c   Code   RO         5469    i.SysTick_Handler   port.o
    0x08002a3c   0x08002a3c   0x00000072   Code   RO          365    i.SystemClock_Config  main.o
    0x08002aae   0x08002aae   0x00000002   PAD
    0x08002ab0   0x08002ab0   0x0000001c   Code   RO          719    i.SystemInit        system_stm32g4xx.o
    0x08002acc   0x08002acc   0x0000000c   Code   RO          593    i.TIM6_DAC_IRQHandler  stm32g4xx_it.o
    0x08002ad8   0x08002ad8   0x000000b0   Code   RO         2773    i.TIM_Base_SetConfig  stm32g4xx_hal_tim.o
    0x08002b88   0x08002b88   0x00000002   Code   RO          594    i.UsageFault_Handler  stm32g4xx_it.o
    0x08002b8a   0x08002b8a   0x00000002   PAD
    0x08002b8c   0x08002b8c   0x00000028   Code   RO         5713    i.__0sprintf$6      mc_w.l(printf6.o)
    0x08002bb4   0x08002bb4   0x0000000e   Code   RO         5863    i.__scatterload_copy  mc_w.l(handlers.o)
    0x08002bc2   0x08002bc2   0x00000002   Code   RO         5864    i.__scatterload_null  mc_w.l(handlers.o)
    0x08002bc4   0x08002bc4   0x0000000e   Code   RO         5865    i.__scatterload_zeroinit  mc_w.l(handlers.o)
    0x08002bd2   0x08002bd2   0x00000002   PAD
    0x08002bd4   0x08002bd4   0x000002f0   Code   RO         5718    i._printf_core      mc_w.l(printf6.o)
    0x08002ec4   0x08002ec4   0x00000024   Code   RO         5719    i._printf_post_padding  mc_w.l(printf6.o)
    0x08002ee8   0x08002ee8   0x0000002e   Code   RO         5720    i._printf_pre_padding  mc_w.l(printf6.o)
    0x08002f16   0x08002f16   0x0000000a   Code   RO         5722    i._sputc            mc_w.l(printf6.o)
    0x08002f20   0x08002f20   0x00000054   Code   RO          336    i.led_open          led.o
    0x08002f74   0x08002f74   0x000000bc   Code   RO          366    i.main              main.o
    0x08003030   0x08003030   0x00000038   Code   RO         4986    i.osDelay           cmsis_os2.o
    0x08003068   0x08003068   0x00000038   Code   RO         5000    i.osKernelInitialize  cmsis_os2.o
    0x080030a0   0x080030a0   0x00000040   Code   RO         5003    i.osKernelStart     cmsis_os2.o
    0x080030e0   0x080030e0   0x000000d8   Code   RO         5036    i.osThreadNew       cmsis_os2.o
    0x080031b8   0x080031b8   0x00000060   Code   RO         4446    i.prvAddCurrentTaskToDelayedList  tasks.o
    0x08003218   0x08003218   0x00000088   Code   RO         4447    i.prvAddNewTaskToReadyList  tasks.o
    0x080032a0   0x080032a0   0x0000005c   Code   RO         4810    i.prvCheckForValidListAndQueue  timers.o
    0x080032fc   0x080032fc   0x00000040   Code   RO         4448    i.prvCheckTasksWaitingTermination  tasks.o
    0x0800333c   0x0800333c   0x00000024   Code   RO         4033    i.prvCopyDataFromQueue  queue.o
    0x08003360   0x08003360   0x0000006e   Code   RO         4034    i.prvCopyDataToQueue  queue.o
    0x080033ce   0x080033ce   0x00000040   Code   RO         4449    i.prvDeleteTCB      tasks.o
    0x0800340e   0x0800340e   0x00000002   PAD
    0x08003410   0x08003410   0x00000024   Code   RO         4811    i.prvGetNextExpireTime  timers.o
    0x08003434   0x08003434   0x00000050   Code   RO         5419    i.prvHeapInit       heap_4.o
    0x08003484   0x08003484   0x00000028   Code   RO         4450    i.prvIdleTask       tasks.o
    0x080034ac   0x080034ac   0x00000022   Code   RO         4037    i.prvInitialiseNewQueue  queue.o
    0x080034ce   0x080034ce   0x00000094   Code   RO         4451    i.prvInitialiseNewTask  tasks.o
    0x08003562   0x08003562   0x00000002   PAD
    0x08003564   0x08003564   0x00000060   Code   RO         4452    i.prvInitialiseTaskLists  tasks.o
    0x080035c4   0x080035c4   0x0000005c   Code   RO         5420    i.prvInsertBlockIntoFreeList  heap_4.o
    0x08003620   0x08003620   0x00000048   Code   RO         4813    i.prvInsertTimerInActiveList  timers.o
    0x08003668   0x08003668   0x0000001a   Code   RO         4038    i.prvIsQueueEmpty   queue.o
    0x08003682   0x08003682   0x0000001e   Code   RO         4039    i.prvIsQueueFull    queue.o
    0x080036a0   0x080036a0   0x00000068   Code   RO         4814    i.prvProcessExpiredTimer  timers.o
    0x08003708   0x08003708   0x00000110   Code   RO         4815    i.prvProcessReceivedCommands  timers.o
    0x08003818   0x08003818   0x0000006c   Code   RO         4816    i.prvProcessTimerOrBlockTask  timers.o
    0x08003884   0x08003884   0x00000024   Code   RO         4454    i.prvResetNextTaskUnblockTime  tasks.o
    0x080038a8   0x080038a8   0x0000002c   Code   RO         4817    i.prvSampleTimeNow  timers.o
    0x080038d4   0x080038d4   0x00000078   Code   RO         4818    i.prvSwitchTimerLists  timers.o
    0x0800394c   0x0800394c   0x00000030   Code   RO         5470    i.prvTaskExitError  port.o
    0x0800397c   0x0800397c   0x00000014   Code   RO         4819    i.prvTimerTask      timers.o
    0x08003990   0x08003990   0x00000068   Code   RO         4040    i.prvUnlockQueue    queue.o
    0x080039f8   0x080039f8   0x000000e4   Code   RO         5421    i.pvPortMalloc      heap_4.o
    0x08003adc   0x08003adc   0x0000002c   Code   RO         5471    i.pxPortInitialiseStack  port.o
    0x08003b08   0x08003b08   0x00000026   Code   RO         3993    i.uxListRemove      list.o
    0x08003b2e   0x08003b2e   0x00000002   PAD
    0x08003b30   0x08003b30   0x00000014   Code   RO         5048    i.vApplicationGetIdleTaskMemory  cmsis_os2.o
    0x08003b44   0x08003b44   0x00000018   Code   RO         5049    i.vApplicationGetTimerTaskMemory  cmsis_os2.o
    0x08003b5c   0x08003b5c   0x00000016   Code   RO         3994    i.vListInitialise   list.o
    0x08003b72   0x08003b72   0x00000006   Code   RO         3995    i.vListInitialiseItem  list.o
    0x08003b78   0x08003b78   0x00000036   Code   RO         3996    i.vListInsert       list.o
    0x08003bae   0x08003bae   0x00000018   Code   RO         3997    i.vListInsertEnd    list.o
    0x08003bc6   0x08003bc6   0x00000002   PAD
    0x08003bc8   0x08003bc8   0x00000040   Code   RO         5473    i.vPortEnterCritical  port.o
    0x08003c08   0x08003c08   0x0000002c   Code   RO         5474    i.vPortExitCritical  port.o
    0x08003c34   0x08003c34   0x0000005c   Code   RO         5422    i.vPortFree         heap_4.o
    0x08003c90   0x08003c90   0x00000024   Code   RO         5475    i.vPortSetupTimerInterrupt  port.o
    0x08003cb4   0x08003cb4   0x00000054   Code   RO         5476    i.vPortValidateInterruptPriority  port.o
    0x08003d08   0x08003d08   0x00000028   Code   RO         4046    i.vQueueAddToRegistry  queue.o
    0x08003d30   0x08003d30   0x0000004a   Code   RO         4050    i.vQueueWaitForMessageRestricted  queue.o
    0x08003d7a   0x08003d7a   0x00000002   PAD
    0x08003d7c   0x08003d7c   0x00000050   Code   RO         4466    i.vTaskDelay        tasks.o
    0x08003dcc   0x08003dcc   0x00000010   Code   RO         4471    i.vTaskInternalSetTimeOutState  tasks.o
    0x08003ddc   0x08003ddc   0x0000000c   Code   RO         4472    i.vTaskMissedYield  tasks.o
    0x08003de8   0x08003de8   0x00000034   Code   RO         4474    i.vTaskPlaceOnEventList  tasks.o
    0x08003e1c   0x08003e1c   0x0000003c   Code   RO         4475    i.vTaskPlaceOnEventListRestricted  tasks.o
    0x08003e58   0x08003e58   0x00000090   Code   RO         4483    i.vTaskStartScheduler  tasks.o
    0x08003ee8   0x08003ee8   0x00000010   Code   RO         4485    i.vTaskSuspendAll   tasks.o
    0x08003ef8   0x08003ef8   0x0000006c   Code   RO         4486    i.vTaskSwitchContext  tasks.o
    0x08003f64   0x08003f64   0x00000104   Code   RO         5477    i.xPortStartScheduler  port.o
    0x08004068   0x08004068   0x00000070   Code   RO         4056    i.xQueueGenericCreateStatic  queue.o
    0x080040d8   0x080040d8   0x00000090   Code   RO         4057    i.xQueueGenericReset  queue.o
    0x08004168   0x08004168   0x00000170   Code   RO         4058    i.xQueueGenericSend  queue.o
    0x080042d8   0x080042d8   0x000000bc   Code   RO         4059    i.xQueueGenericSendFromISR  queue.o
    0x08004394   0x08004394   0x00000148   Code   RO         4068    i.xQueueReceive     queue.o
    0x080044dc   0x080044dc   0x00000080   Code   RO         4487    i.xTaskCheckForTimeOut  tasks.o
    0x0800455c   0x0800455c   0x0000006c   Code   RO         4488    i.xTaskCreate       tasks.o
    0x080045c8   0x080045c8   0x00000060   Code   RO         4489    i.xTaskCreateStatic  tasks.o
    0x08004628   0x08004628   0x0000001c   Code   RO         4493    i.xTaskGetSchedulerState  tasks.o
    0x08004644   0x08004644   0x0000000c   Code   RO         4494    i.xTaskGetTickCount  tasks.o
    0x08004650   0x08004650   0x000000cc   Code   RO         4496    i.xTaskIncrementTick  tasks.o
    0x0800471c   0x0800471c   0x00000080   Code   RO         4499    i.xTaskPriorityDisinherit  tasks.o
    0x0800479c   0x0800479c   0x00000078   Code   RO         4501    i.xTaskRemoveFromEventList  tasks.o
    0x08004814   0x08004814   0x000000cc   Code   RO         4502    i.xTaskResumeAll    tasks.o
    0x080048e0   0x080048e0   0x00000068   Code   RO         4827    i.xTimerCreateTimerTask  timers.o
    0x08004948   0x08004948   0x00000074   Code   RO         4828    i.xTimerGenericCommand  timers.o
    0x080049bc   0x080049bc   0x000011d0   Data   RO           44    .constdata          lcd.o
    0x08005b8c   0x08005b8c   0x0000006c   Data   RO          494    .constdata          app_freertos.o
    0x08005bf8   0x08005bf8   0x00000010   Data   RO          720    .constdata          system_stm32g4xx.o
    0x08005c08   0x08005c08   0x00000008   Data   RO          721    .constdata          system_stm32g4xx.o
    0x08005c10   0x08005c10   0x00000025   Data   RO          495    .conststring        app_freertos.o
    0x08005c35   0x08005c35   0x00000003   PAD
    0x08005c38   0x08005c38   0x00000020   Data   RO         5861    Region$$Table       anon$$obj.o


    Execution Region RW_IRAM1 (Exec base: 0x20000000, Load base: 0x08005c58, Size: 0x000026a0, Max: 0x00008000, ABSOLUTE)

    Exec Addr    Load Addr    Size         Type   Attr      Idx    E Section Name        Object

    0x20000000   0x08005c58   0x00000006   Data   RW           45    .data               lcd.o
    0x20000006   0x08005c5e   0x00000006   Data   RW          368    .data               main.o
    0x2000000c   0x08005c64   0x0000000c   Data   RW          497    .data               app_freertos.o
    0x20000018   0x08005c70   0x00000004   Data   RW          722    .data               system_stm32g4xx.o
    0x2000001c   0x08005c74   0x0000000c   Data   RW         1249    .data               stm32g4xx_hal.o
    0x20000028   0x08005c80   0x0000003c   Data   RW         4505    .data               tasks.o
    0x20000064   0x08005cbc   0x00000014   Data   RW         4836    .data               timers.o
    0x20000078   0x08005cd0   0x00000004   Data   RW         5051    .data               cmsis_os2.o
    0x2000007c   0x08005cd4   0x00000018   Data   RW         5427    .data               heap_4.o
    0x20000094   0x08005cec   0x0000000c   Data   RW         5478    .data               port.o
    0x200000a0        -       0x00000014   Zero   RW          367    .bss                main.o
    0x200000b4        -       0x00000800   Zero   RW          492    .bss                app_freertos.o
    0x200008b4        -       0x0000005c   Zero   RW          493    .bss                app_freertos.o
    0x20000910        -       0x0000006c   Zero   RW          549    .bss                adc.o
    0x2000097c        -       0x0000004c   Zero   RW          682    .bss                stm32g4xx_hal_timebase_tim.o
    0x200009c8        -       0x00000040   Zero   RW         4072    .bss                queue.o
    0x20000a08        -       0x000004c4   Zero   RW         4504    .bss                tasks.o
    0x20000ecc        -       0x00000118   Zero   RW         4835    .bss                timers.o
    0x20000fe4        -       0x000006b8   Zero   RW         5050    .bss                cmsis_os2.o
    0x2000169c        -       0x00000c00   Zero   RW         5426    .bss                heap_4.o
    0x2000229c   0x08005cf8   0x00000004   PAD
    0x200022a0        -       0x00000400   Zero   RW            1    STACK               startup_stm32g431xx.o


==============================================================================

Image component sizes


      Code (inc. data)   RO Data    RW Data    ZI Data      Debug   Object Name

       228         14          0          0        108       1829   adc.o
        68         22        145         12       2140       1694   app_freertos.o
       436         32          0          4       1720      32482   cmsis_os2.o
         0          0          0          0          0       7516   croutine.o
         0          0          0          0          0      19040   event_groups.o
       272         16          0          0          0       1083   gpio.o
       492         32          0         24       3072       5879   heap_4.o
      1730         76       4560          6          0     666042   lcd.o
        84         10          0          0          0        575   led.o
       144          0          0          0          0       4538   list.o
       536        128          0          6         20      21780   main.o
       814         92          0         12          0      13465   port.o
      1594         24          0          0         64      20204   queue.o
        36          8        472          0       1024        856   startup_stm32g431xx.o
        98         16          0         12          0       3790   stm32g4xx_hal.o
      2232         68          0          0          0      75851   stm32g4xx_hal_adc.o
       260         10          0          0          0      67475   stm32g4xx_hal_adc_ex.o
       168         12          0          0          0      32966   stm32g4xx_hal_cortex.o
       602         20          0          0          0       3311   stm32g4xx_hal_gpio.o
        68         10          0          0          0       8750   stm32g4xx_hal_msp.o
       220         14          0          0          0        930   stm32g4xx_hal_pwr_ex.o
      2140         96          0          0          0       8274   stm32g4xx_hal_rcc.o
       728          8          0          0          0       2008   stm32g4xx_hal_rcc_ex.o
       872         34          0          0          0       6934   stm32g4xx_hal_tim.o
        14          0          0          0          0       4772   stm32g4xx_hal_tim_ex.o
       116         18          0          0         76       1471   stm32g4xx_hal_timebase_tim.o
        24          6          0          0          0       3371   stm32g4xx_it.o
         0          0          0          0          0        436   stream_buffer.o
        28          6         24          4          0       1207   system_stm32g4xx.o
      2196        196          0         60       1220      32242   tasks.o
      1088         94          0         20        280      35995   timers.o

    ----------------------------------------------------------------------
     17316       1062       5236        160       9728    1086766   Object Totals
         0          0         32          0          0          0   (incl. Generated)
        28          0          3          0          4          0   (incl. Padding)

    ----------------------------------------------------------------------

      Code (inc. data)   RO Data    RW Data    ZI Data      Debug   Library Member Name

         0          0          0          0          0          0   entry.o
         0          0          0          0          0          0   entry10a.o
         0          0          0          0          0          0   entry11a.o
         8          4          0          0          0          0   entry2.o
         4          0          0          0          0          0   entry5.o
         0          0          0          0          0          0   entry7b.o
         0          0          0          0          0          0   entry8b.o
         8          4          0          0          0          0   entry9a.o
        30          0          0          0          0          0   handlers.o
        36          8          0          0          0         68   init.o
        36          0          0          0          0         68   memcpya.o
        36          0          0          0          0        108   memseta.o
       884         10          0          0          0        420   printf6.o
        44          0          0          0          0         80   uidiv.o

    ----------------------------------------------------------------------
      1088         26          0          0          0        744   Library Totals
         2          0          0          0          0          0   (incl. Padding)

    ----------------------------------------------------------------------

      Code (inc. data)   RO Data    RW Data    ZI Data      Debug   Library Name

      1086         26          0          0          0        744   mc_w.l

    ----------------------------------------------------------------------
      1088         26          0          0          0        744   Library Totals

    ----------------------------------------------------------------------

==============================================================================


      Code (inc. data)   RO Data    RW Data    ZI Data      Debug   

     18404       1088       5236        160       9728    1073002   Grand Totals
     18404       1088       5236        160       9728    1073002   ELF Image Totals
     18404       1088       5236        160          0          0   ROM Totals

==============================================================================

    Total RO  Size (Code + RO Data)                23640 (  23.09kB)
    Total RW  Size (RW Data + ZI Data)              9888 (   9.66kB)
    Total ROM Size (Code + RO Data + RW Data)      23800 (  23.24kB)

==============================================================================

